
> funcommute@0.1.0 type-check
> tsc --noEmit

.next/types/validator.ts(198,31): error TS2344: Type 'typeof import("C:/Users/keduall/func/src/app/api/ai-pm/documents/[documentId]/approval-history/route")' does not satisfy the constraint 'RouteHandlerConfig<"/api/ai-pm/documents/[documentId]/approval-history">'.
  Types of property 'GET' are incompatible.
    Type '(request: NextRequest, { params }: { params: { documentId: string; }; }) => Promise<NextResponse<{ error: AIpmErrorType; message: string; }> | NextResponse<ApprovalHistoryResponse>>' is not assignable to type '(request: NextRequest, context: { params: Promise<{ documentId: string; }>; }) => void | Response | Promise<void | Response>'.
      Types of parameters '__1' and 'context' are incompatible.
        Type '{ params: Promise<{ documentId: string; }>; }' is not assignable to type '{ params: { documentId: string; }; }'.
          Types of property 'params' are incompatible.
            Property 'documentId' is missing in type 'Promise<{ documentId: string; }>' but required in type '{ documentId: string; }'.
.next/types/validator.ts(207,31): error TS2344: Type 'typeof import("C:/Users/keduall/func/src/app/api/ai-pm/documents/[documentId]/approve/route")' does not satisfy the constraint 'RouteHandlerConfig<"/api/ai-pm/documents/[documentId]/approve">'.
  Types of property 'POST' are incompatible.
    Type '(request: Request, { params }: { params: { documentId: string; }; }) => Promise<NextResponse<{ message: any; }>>' is not assignable to type '(request: NextRequest, context: { params: Promise<{ documentId: string; }>; }) => void | Response | Promise<void | Response>'.
      Types of parameters '__1' and 'context' are incompatible.
        Type '{ params: Promise<{ documentId: string; }>; }' is not assignable to type '{ params: { documentId: string; }; }'.
          Types of property 'params' are incompatible.
            Property 'documentId' is missing in type 'Promise<{ documentId: string; }>' but required in type '{ documentId: string; }'.
.next/types/validator.ts(216,31): error TS2344: Type 'typeof import("C:/Users/keduall/func/src/app/api/ai-pm/documents/[documentId]/request-approval/route")' does not satisfy the constraint 'RouteHandlerConfig<"/api/ai-pm/documents/[documentId]/request-approval">'.
  Types of property 'POST' are incompatible.
    Type '(request: NextRequest, { params }: { params: { documentId: string; }; }) => Promise<NextResponse<{ message: string; }>>' is not assignable to type '(request: NextRequest, context: { params: Promise<{ documentId: string; }>; }) => void | Response | Promise<void | Response>'.
      Types of parameters '__1' and 'context' are incompatible.
        Type '{ params: Promise<{ documentId: string; }>; }' is not assignable to type '{ params: { documentId: string; }; }'.
          Types of property 'params' are incompatible.
            Property 'documentId' is missing in type 'Promise<{ documentId: string; }>' but required in type '{ documentId: string; }'.
.next/types/validator.ts(225,31): error TS2344: Type 'typeof import("C:/Users/keduall/func/src/app/api/ai-pm/documents/[documentId]/route")' does not satisfy the constraint 'RouteHandlerConfig<"/api/ai-pm/documents/[documentId]">'.
  Types of property 'GET' are incompatible.
    Type '(request: NextRequest, { params }: { params: { documentId: string; }; }) => Promise<NextResponse<DocumentResponse> | NextResponse<{ error: AIpmErrorType; message: string; }>>' is not assignable to type '(request: NextRequest, context: { params: Promise<{ documentId: string; }>; }) => void | Response | Promise<void | Response>'.
      Types of parameters '__1' and 'context' are incompatible.
        Type '{ params: Promise<{ documentId: string; }>; }' is not assignable to type '{ params: { documentId: string; }; }'.
          Types of property 'params' are incompatible.
            Property 'documentId' is missing in type 'Promise<{ documentId: string; }>' but required in type '{ documentId: string; }'.
.next/types/validator.ts(234,31): error TS2344: Type 'typeof import("C:/Users/keduall/func/src/app/api/ai-pm/documents/[documentId]/versions/route")' does not satisfy the constraint 'RouteHandlerConfig<"/api/ai-pm/documents/[documentId]/versions">'.
  Types of property 'GET' are incompatible.
    Type '(request: NextRequest, { params }: { params: { documentId: string; }; }) => Promise<NextResponse<{ error: string; }> | NextResponse<{ versions: any[]; }>>' is not assignable to type '(request: NextRequest, context: { params: Promise<{ documentId: string; }>; }) => void | Response | Promise<void | Response>'.
      Types of parameters '__1' and 'context' are incompatible.
        Type '{ params: Promise<{ documentId: string; }>; }' is not assignable to type '{ params: { documentId: string; }; }'.
          Types of property 'params' are incompatible.
            Property 'documentId' is missing in type 'Promise<{ documentId: string; }>' but required in type '{ documentId: string; }'.
.next/types/validator.ts(279,31): error TS2344: Type 'typeof import("C:/Users/keduall/func/src/app/api/ai-pm/projects/[projectId]/activities/route")' does not satisfy the constraint 'RouteHandlerConfig<"/api/ai-pm/projects/[projectId]/activities">'.
  Types of property 'GET' are incompatible.
    Type '(request: NextRequest, { params }: { params: Params; }) => Promise<NextResponse<any>>' is not assignable to type '(request: NextRequest, context: { params: Promise<{ projectId: string; }>; }) => void | Response | Promise<void | Response>'.
      Types of parameters '__1' and 'context' are incompatible.
        Type '{ params: Promise<{ projectId: string; }>; }' is not assignable to type '{ params: Params; }'.
          Types of property 'params' are incompatible.
            Property 'projectId' is missing in type 'Promise<{ projectId: string; }>' but required in type 'Params'.
.next/types/validator.ts(288,31): error TS2344: Type 'typeof import("C:/Users/keduall/func/src/app/api/ai-pm/projects/[projectId]/members/route")' does not satisfy the constraint 'RouteHandlerConfig<"/api/ai-pm/projects/[projectId]/members">'.
  Types of property 'GET' are incompatible.
    Type '(request: NextRequest, context: { params: { projectId: string; }; }) => Promise<NextResponse<{ error: string; message: string; }> | NextResponse<{ members: any[]; }>>' is not assignable to type '(request: NextRequest, context: { params: Promise<{ projectId: string; }>; }) => void | Response | Promise<void | Response>'.
      Types of parameters 'context' and 'context' are incompatible.
        Type '{ params: Promise<{ projectId: string; }>; }' is not assignable to type '{ params: { projectId: string; }; }'.
          Types of property 'params' are incompatible.
            Property 'projectId' is missing in type 'Promise<{ projectId: string; }>' but required in type '{ projectId: string; }'.
e2e/ai-pm-ai-integration.spec.ts(153,12): error TS18047: 'responseText' is possibly 'null'.
src/__tests__/integration/ai-pm-approval-workflow.test.ts(132,21): error TS2305: Module '"@/lib/ai-pm/auth-middleware"' has no exported member 'checkProjectAccess'.
src/__tests__/integration/ai-pm-approval-workflow.test.ts(132,41): error TS2305: Module '"@/lib/ai-pm/auth-middleware"' has no exported member 'checkAdminAccess'.
src/__tests__/integration/ai-pm-approval-workflow.test.ts(195,9): error TS2739: Type '{ id: string; email: string; full_name: string; role: string; }' is missing the following properties from type '{ id: string; email: string; full_name: string | null; role: "admin" | "user"; created_at: string; updated_at: string; }': created_at, updated_at
src/__tests__/integration/ai-pm-approval-workflow.test.ts(233,9): error TS2739: Type '{ id: string; email: string; full_name: string; role: string; }' is missing the following properties from type '{ id: string; email: string; full_name: string | null; role: "admin" | "user"; created_at: string; updated_at: string; }': created_at, updated_at
src/__tests__/integration/ai-pm-approval-workflow.test.ts(273,9): error TS2739: Type '{ id: string; email: string; full_name: string; role: string; }' is missing the following properties from type '{ id: string; email: string; full_name: string | null; role: "admin" | "user"; created_at: string; updated_at: string; }': created_at, updated_at
src/__tests__/integration/ai-pm-approval-workflow.test.ts(309,9): error TS2739: Type '{ id: string; email: string; full_name: string; role: string; }' is missing the following properties from type '{ id: string; email: string; full_name: string | null; role: "admin" | "user"; created_at: string; updated_at: string; }': created_at, updated_at
src/__tests__/integration/ai-pm-approval-workflow.test.ts(331,9): error TS2739: Type '{ id: string; email: string; full_name: string; role: string; }' is missing the following properties from type '{ id: string; email: string; full_name: string | null; role: "admin" | "user"; created_at: string; updated_at: string; }': created_at, updated_at
src/__tests__/integration/ai-pm-approval-workflow.test.ts(397,9): error TS2739: Type '{ id: string; email: string; full_name: string; role: string; }' is missing the following properties from type '{ id: string; email: string; full_name: string | null; role: "admin" | "user"; created_at: string; updated_at: string; }': created_at, updated_at
src/__tests__/integration/ai-pm-approval-workflow.test.ts(411,9): error TS2739: Type '{ id: string; email: string; full_name: string; role: string; }' is missing the following properties from type '{ id: string; email: string; full_name: string | null; role: "admin" | "user"; created_at: string; updated_at: string; }': created_at, updated_at
src/__tests__/integration/ai-pm-approval-workflow.test.ts(484,9): error TS2739: Type '{ id: string; email: string; full_name: string; role: string; }' is missing the following properties from type '{ id: string; email: string; full_name: string | null; role: "admin" | "user"; created_at: string; updated_at: string; }': created_at, updated_at
src/__tests__/integration/ai-pm-approval-workflow.test.ts(503,9): error TS2739: Type '{ id: string; email: string; full_name: string; role: string; }' is missing the following properties from type '{ id: string; email: string; full_name: string | null; role: "admin" | "user"; created_at: string; updated_at: string; }': created_at, updated_at
src/__tests__/integration/ai-pm-approval-workflow.test.ts(538,9): error TS2739: Type '{ id: string; email: string; full_name: string; role: string; }' is missing the following properties from type '{ id: string; email: string; full_name: string | null; role: "admin" | "user"; created_at: string; updated_at: string; }': created_at, updated_at
src/__tests__/integration/ai-pm-approval-workflow.test.ts(574,9): error TS2739: Type '{ id: string; email: string; full_name: string; role: string; }' is missing the following properties from type '{ id: string; email: string; full_name: string | null; role: "admin" | "user"; created_at: string; updated_at: string; }': created_at, updated_at
src/__tests__/integration/ai-pm-approval-workflow.test.ts(610,9): error TS2739: Type '{ id: string; email: string; full_name: string; role: string; }' is missing the following properties from type '{ id: string; email: string; full_name: string | null; role: "admin" | "user"; created_at: string; updated_at: string; }': created_at, updated_at
src/__tests__/integration/ai-pm-approval-workflow.test.ts(632,9): error TS2739: Type '{ id: string; email: string; full_name: string; role: string; }' is missing the following properties from type '{ id: string; email: string; full_name: string | null; role: "admin" | "user"; created_at: string; updated_at: string; }': created_at, updated_at
src/__tests__/integration/ai-pm-approval-workflow.test.ts(655,9): error TS2739: Type '{ id: string; email: string; full_name: string; role: string; }' is missing the following properties from type '{ id: string; email: string; full_name: string | null; role: "admin" | "user"; created_at: string; updated_at: string; }': created_at, updated_at
src/__tests__/integration/ai-pm-approval-workflow.test.ts(675,9): error TS2739: Type '{ id: string; email: string; full_name: string; role: string; }' is missing the following properties from type '{ id: string; email: string; full_name: string | null; role: "admin" | "user"; created_at: string; updated_at: string; }': created_at, updated_at
src/__tests__/integration/ai-pm-approval-workflow.test.ts(727,9): error TS2739: Type '{ id: string; email: string; full_name: string; role: string; }' is missing the following properties from type '{ id: string; email: string; full_name: string | null; role: "admin" | "user"; created_at: string; updated_at: string; }': created_at, updated_at
src/__tests__/integration/ai-pm-integration.test.ts(13,21): error TS2305: Module '"@/lib/ai-pm/auth-middleware"' has no exported member 'checkProjectAccess'.
src/__tests__/integration/ai-pm-permissions.test.ts(9,58): error TS2307: Cannot find module '@/app/api/ai-pm/projects/[projectId]/members/[memberId]/route' or its corresponding type declarations.
src/__tests__/integration/ai-pm-permissions.test.ts(134,21): error TS2305: Module '"@/lib/ai-pm/auth-middleware"' has no exported member 'checkProjectAccess'.
src/__tests__/integration/ai-pm-permissions.test.ts(134,41): error TS2305: Module '"@/lib/ai-pm/auth-middleware"' has no exported member 'checkAdminAccess'.
src/__tests__/integration/ai-pm-permissions.test.ts(218,9): error TS2739: Type '{ id: string; email: string; full_name: string; role: string; }' is missing the following properties from type '{ id: string; email: string; full_name: string | null; role: "admin" | "user"; created_at: string; updated_at: string; }': created_at, updated_at
src/__tests__/integration/ai-pm-permissions.test.ts(233,9): error TS2739: Type '{ id: string; email: string; full_name: string; role: string; }' is missing the following properties from type '{ id: string; email: string; full_name: string | null; role: "admin" | "user"; created_at: string; updated_at: string; }': created_at, updated_at
src/__tests__/integration/ai-pm-permissions.test.ts(255,9): error TS2739: Type '{ id: string; email: string; full_name: string; role: string; }' is missing the following properties from type '{ id: string; email: string; full_name: string | null; role: "admin" | "user"; created_at: string; updated_at: string; }': created_at, updated_at
src/__tests__/integration/ai-pm-permissions.test.ts(283,9): error TS2739: Type '{ id: string; email: string; full_name: string; role: string; }' is missing the following properties from type '{ id: string; email: string; full_name: string | null; role: "admin" | "user"; created_at: string; updated_at: string; }': created_at, updated_at
src/__tests__/integration/ai-pm-permissions.test.ts(300,9): error TS2739: Type '{ id: string; email: string; full_name: string; role: string; }' is missing the following properties from type '{ id: string; email: string; full_name: string | null; role: "admin" | "user"; created_at: string; updated_at: string; }': created_at, updated_at
src/__tests__/integration/ai-pm-permissions.test.ts(315,9): error TS2739: Type '{ id: string; email: string; full_name: string; role: string; }' is missing the following properties from type '{ id: string; email: string; full_name: string | null; role: "admin" | "user"; created_at: string; updated_at: string; }': created_at, updated_at
src/__tests__/integration/ai-pm-permissions.test.ts(320,62): error TS2353: Object literal may only specify known properties, and 'projectId' does not exist in type 'Promise<{ projectId: string; }>'.
src/__tests__/integration/ai-pm-permissions.test.ts(331,9): error TS2739: Type '{ id: string; email: string; full_name: string; role: string; }' is missing the following properties from type '{ id: string; email: string; full_name: string | null; role: "admin" | "user"; created_at: string; updated_at: string; }': created_at, updated_at
src/__tests__/integration/ai-pm-permissions.test.ts(357,9): error TS2739: Type '{ id: string; email: string; full_name: string; role: string; }' is missing the following properties from type '{ id: string; email: string; full_name: string | null; role: "admin" | "user"; created_at: string; updated_at: string; }': created_at, updated_at
src/__tests__/integration/ai-pm-permissions.test.ts(373,9): error TS2739: Type '{ id: string; email: string; full_name: string; role: string; }' is missing the following properties from type '{ id: string; email: string; full_name: string | null; role: "admin" | "user"; created_at: string; updated_at: string; }': created_at, updated_at
src/__tests__/integration/ai-pm-permissions.test.ts(392,9): error TS2739: Type '{ id: string; email: string; full_name: string; role: string; }' is missing the following properties from type '{ id: string; email: string; full_name: string | null; role: "admin" | "user"; created_at: string; updated_at: string; }': created_at, updated_at
src/__tests__/integration/ai-pm-permissions.test.ts(397,62): error TS2353: Object literal may only specify known properties, and 'projectId' does not exist in type 'Promise<{ projectId: string; }>'.
src/__tests__/integration/ai-pm-permissions.test.ts(407,9): error TS2739: Type '{ id: string; email: string; full_name: string; role: string; }' is missing the following properties from type '{ id: string; email: string; full_name: string | null; role: "admin" | "user"; created_at: string; updated_at: string; }': created_at, updated_at
src/__tests__/integration/ai-pm-permissions.test.ts(422,9): error TS2739: Type '{ id: string; email: string; full_name: string; role: string; }' is missing the following properties from type '{ id: string; email: string; full_name: string | null; role: "admin" | "user"; created_at: string; updated_at: string; }': created_at, updated_at
src/__tests__/integration/ai-pm-permissions.test.ts(443,9): error TS2739: Type '{ id: string; email: string; full_name: string; role: string; }' is missing the following properties from type '{ id: string; email: string; full_name: string | null; role: "admin" | "user"; created_at: string; updated_at: string; }': created_at, updated_at
src/__tests__/integration/ai-pm-permissions.test.ts(465,9): error TS2739: Type '{ id: string; email: string; full_name: string; role: string; }' is missing the following properties from type '{ id: string; email: string; full_name: string | null; role: "admin" | "user"; created_at: string; updated_at: string; }': created_at, updated_at
src/__tests__/integration/ai-pm-permissions.test.ts(496,9): error TS2739: Type '{ id: string; email: string; full_name: string; role: string; }' is missing the following properties from type '{ id: string; email: string; full_name: string | null; role: "admin" | "user"; created_at: string; updated_at: string; }': created_at, updated_at
src/__tests__/integration/ai-pm-permissions.test.ts(512,9): error TS2739: Type '{ id: string; email: string; full_name: string; role: string; }' is missing the following properties from type '{ id: string; email: string; full_name: string | null; role: "admin" | "user"; created_at: string; updated_at: string; }': created_at, updated_at
src/__tests__/integration/ai-pm-permissions.test.ts(545,9): error TS2739: Type '{ id: string; email: string; full_name: string; role: string; }' is missing the following properties from type '{ id: string; email: string; full_name: string | null; role: "admin" | "user"; created_at: string; updated_at: string; }': created_at, updated_at
src/__tests__/integration/ai-pm-permissions.test.ts(641,9): error TS2739: Type '{ id: string; email: string; full_name: string; role: string; }' is missing the following properties from type '{ id: string; email: string; full_name: string | null; role: "admin" | "user"; created_at: string; updated_at: string; }': created_at, updated_at
src/__tests__/integration/ai-pm-permissions.test.ts(667,9): error TS2739: Type '{ id: string; email: string; full_name: string; role: string; }' is missing the following properties from type '{ id: string; email: string; full_name: string | null; role: "admin" | "user"; created_at: string; updated_at: string; }': created_at, updated_at
src/__tests__/integration/ai-pm-workflow.test.ts(163,21): error TS2305: Module '"@/lib/ai-pm/auth-middleware"' has no exported member 'checkProjectAccess'.
src/__tests__/integration/ai-pm-workflow.test.ts(194,9): error TS2739: Type '{ id: string; email: string; full_name: string; role: string; }' is missing the following properties from type '{ id: string; email: string; full_name: string | null; role: "admin" | "user"; created_at: string; updated_at: string; }': created_at, updated_at
src/__tests__/integration/ai-pm-workflow.test.ts(229,9): error TS2739: Type '{ id: string; email: string; full_name: string; role: string; }' is missing the following properties from type '{ id: string; email: string; full_name: string | null; role: "admin" | "user"; created_at: string; updated_at: string; }': created_at, updated_at
src/__tests__/integration/ai-pm-workflow.test.ts(304,9): error TS2739: Type '{ id: string; email: string; full_name: string; role: string; }' is missing the following properties from type '{ id: string; email: string; full_name: string | null; role: "admin" | "user"; created_at: string; updated_at: string; }': created_at, updated_at
src/__tests__/integration/ai-pm-workflow.test.ts(325,76): error TS2353: Object literal may only specify known properties, and 'projectId' does not exist in type 'Promise<{ projectId: string; }>'.
src/__tests__/integration/ai-pm-workflow.test.ts(337,9): error TS2739: Type '{ id: string; email: string; full_name: string; role: string; }' is missing the following properties from type '{ id: string; email: string; full_name: string | null; role: "admin" | "user"; created_at: string; updated_at: string; }': created_at, updated_at
src/__tests__/integration/ai-pm-workflow.test.ts(363,9): error TS2739: Type '{ id: string; email: string; full_name: string; role: string; }' is missing the following properties from type '{ id: string; email: string; full_name: string | null; role: "admin" | "user"; created_at: string; updated_at: string; }': created_at, updated_at
src/__tests__/integration/ai-pm-workflow.test.ts(398,11): error TS2739: Type '{ id: string; email: string; full_name: string; role: string; }' is missing the following properties from type '{ id: string; email: string; full_name: string | null; role: "admin" | "user"; created_at: string; updated_at: string; }': created_at, updated_at
src/__tests__/integration/ai-pm-workflow.test.ts(411,11): error TS2739: Type '{ id: string; email: string; full_name: string; role: string; }' is missing the following properties from type '{ id: string; email: string; full_name: string | null; role: "admin" | "user"; created_at: string; updated_at: string; }': created_at, updated_at
src/__tests__/integration/ai-pm-workflow.test.ts(433,9): error TS2739: Type '{ id: string; email: string; full_name: string; role: string; }' is missing the following properties from type '{ id: string; email: string; full_name: string | null; role: "admin" | "user"; created_at: string; updated_at: string; }': created_at, updated_at
src/__tests__/integration/ai-pm-workflow.test.ts(475,9): error TS2739: Type '{ id: string; email: string; full_name: string; role: string; }' is missing the following properties from type '{ id: string; email: string; full_name: string | null; role: "admin" | "user"; created_at: string; updated_at: string; }': created_at, updated_at
src/__tests__/integration/ai-pm-workflow.test.ts(498,9): error TS2739: Type '{ id: string; email: string; full_name: string; role: string; }' is missing the following properties from type '{ id: string; email: string; full_name: string | null; role: "admin" | "user"; created_at: string; updated_at: string; }': created_at, updated_at
src/__tests__/integration/ai-pm-workflow.test.ts(525,9): error TS2739: Type '{ id: string; email: string; full_name: string; role: string; }' is missing the following properties from type '{ id: string; email: string; full_name: string | null; role: "admin" | "user"; created_at: string; updated_at: string; }': created_at, updated_at
src/__tests__/integration/ai-pm-workflow.test.ts(536,9): error TS2739: Type '{ id: string; email: string; full_name: string; role: string; }' is missing the following properties from type '{ id: string; email: string; full_name: string | null; role: "admin" | "user"; created_at: string; updated_at: string; }': created_at, updated_at
src/__tests__/integration/ai-pm-workflow.test.ts(544,9): error TS2739: Type '{ id: string; email: string; full_name: string; role: string; }' is missing the following properties from type '{ id: string; email: string; full_name: string | null; role: "admin" | "user"; created_at: string; updated_at: string; }': created_at, updated_at
src/__tests__/integration/ai-pm-workflow.test.ts(603,9): error TS2739: Type '{ id: string; email: string; full_name: string; role: string; }' is missing the following properties from type '{ id: string; email: string; full_name: string | null; role: "admin" | "user"; created_at: string; updated_at: string; }': created_at, updated_at
src/app/ai-pm/[projectId]/page.tsx(127,29): error TS2677: A type predicate's type must be assignable to its parameter's type.
  Type 'number' is not assignable to type 'WorkflowStep'.
src/app/ai-pm/[projectId]/workflow/[step]/page.tsx(360,21): error TS2322: Type '{ projectId: string; currentStep: WorkflowStep; }' is not assignable to type 'IntrinsicAttributes & ConversationHistoryPanelProps'.
  Property 'projectId' does not exist on type 'IntrinsicAttributes & ConversationHistoryPanelProps'.
src/app/ai-pm/[projectId]/workflow/[step]/page.tsx(365,21): error TS2322: Type '{ projectId: string; workflowStep: WorkflowStep; }' is not assignable to type 'IntrinsicAttributes'.
  Property 'projectId' does not exist on type 'IntrinsicAttributes'.
src/app/ai-pm/[projectId]/workflow/[step]/page.tsx(374,30): error TS2322: Type '{ step: WorkflowStep; }' is not assignable to type 'IntrinsicAttributes & WorkflowGuideProps'.
  Property 'step' does not exist on type 'IntrinsicAttributes & WorkflowGuideProps'.
src/app/ai-pm/page.tsx(256,75): error TS2339: Property 'Modal' does not exist on type '{ Skeleton: ({ className, width, height, rounded, animate }: SkeletonProps) => Element; Text: ({ lines, className, animate }: TextSkeletonProps) => Element; Card: ({ className, showAvatar, titleLines, contentLines, animate }: CardSkeletonProps) => Element; ... 14 more ...; MobileOverlay: ({ isVisible, text, variant,...'.
src/app/api/ai-pm/chat/__tests__/route.test.ts(73,21): error TS2305: Module '"@/lib/ai-pm/auth-middleware"' has no exported member 'checkProjectAccess'.
src/app/api/ai-pm/chat/__tests__/route.test.ts(110,9): error TS2739: Type '{ id: string; email: string; full_name: string; role: "user"; }' is missing the following properties from type '{ id: string; email: string; full_name: string | null; role: "admin" | "user"; created_at: string; updated_at: string; }': created_at, updated_at
src/app/api/ai-pm/chat/__tests__/route.test.ts(131,9): error TS2739: Type '{ id: string; email: string; full_name: string; role: "user"; }' is missing the following properties from type '{ id: string; email: string; full_name: string | null; role: "admin" | "user"; created_at: string; updated_at: string; }': created_at, updated_at
src/app/api/ai-pm/chat/__tests__/route.test.ts(153,9): error TS2739: Type '{ id: string; email: string; full_name: string; role: "user"; }' is missing the following properties from type '{ id: string; email: string; full_name: string | null; role: "admin" | "user"; created_at: string; updated_at: string; }': created_at, updated_at
src/app/api/ai-pm/chat/__tests__/route.test.ts(176,9): error TS2739: Type '{ id: string; email: string; full_name: string; role: "user"; }' is missing the following properties from type '{ id: string; email: string; full_name: string | null; role: "admin" | "user"; created_at: string; updated_at: string; }': created_at, updated_at
src/app/api/ai-pm/chat/__tests__/route.test.ts(199,9): error TS2739: Type '{ id: string; email: string; full_name: string; role: "user"; }' is missing the following properties from type '{ id: string; email: string; full_name: string | null; role: "admin" | "user"; created_at: string; updated_at: string; }': created_at, updated_at
src/app/api/ai-pm/chat/__tests__/route.test.ts(225,9): error TS2739: Type '{ id: string; email: string; full_name: string; role: "user"; }' is missing the following properties from type '{ id: string; email: string; full_name: string | null; role: "admin" | "user"; created_at: string; updated_at: string; }': created_at, updated_at
src/app/api/ai-pm/chat/__tests__/route.test.ts(260,9): error TS2739: Type '{ id: string; email: string; full_name: string; role: "user"; }' is missing the following properties from type '{ id: string; email: string; full_name: string | null; role: "admin" | "user"; created_at: string; updated_at: string; }': created_at, updated_at
src/app/api/ai-pm/chat/__tests__/route.test.ts(291,9): error TS2739: Type '{ id: string; email: string; full_name: string; role: "user"; }' is missing the following properties from type '{ id: string; email: string; full_name: string | null; role: "admin" | "user"; created_at: string; updated_at: string; }': created_at, updated_at
src/app/api/ai-pm/chat/__tests__/route.test.ts(340,9): error TS2739: Type '{ id: string; email: string; full_name: string; role: "user"; }' is missing the following properties from type '{ id: string; email: string; full_name: string | null; role: "admin" | "user"; created_at: string; updated_at: string; }': created_at, updated_at
src/app/api/ai-pm/chat/__tests__/route.test.ts(363,9): error TS2739: Type '{ id: string; email: string; full_name: string; role: "user"; }' is missing the following properties from type '{ id: string; email: string; full_name: string | null; role: "admin" | "user"; created_at: string; updated_at: string; }': created_at, updated_at
src/app/api/ai-pm/chat/route.ts(45,77): error TS2345: Argument of type '{ role: "user"; content: string; }' is not assignable to parameter of type 'AIChatMessage'.
  Type '{ role: "user"; content: string; }' is missing the following properties from type 'AIChatMessage': id, timestamp
src/app/api/ai-pm/chat/route.ts(64,77): error TS2345: Argument of type '{ role: "assistant"; content: string; }' is not assignable to parameter of type 'AIChatMessage'.
  Type '{ role: "assistant"; content: string; }' is missing the following properties from type 'AIChatMessage': id, timestamp
src/app/api/ai-pm/chat/stream/route.ts(59,77): error TS2345: Argument of type '{ role: "user"; content: string; }' is not assignable to parameter of type 'AIChatMessage'.
  Type '{ role: "user"; content: string; }' is missing the following properties from type 'AIChatMessage': id, timestamp
src/app/api/ai-pm/chat/stream/route.ts(120,85): error TS2345: Argument of type '{ role: "assistant"; content: string; }' is not assignable to parameter of type 'AIChatMessage'.
  Type '{ role: "assistant"; content: string; }' is missing the following properties from type 'AIChatMessage': id, timestamp
src/app/api/ai-pm/documents/[documentId]/approve/route.ts(15,11): error TS2339: Property 'user' does not exist on type 'EnhancedAuthResult'.
src/app/api/ai-pm/documents/[documentId]/approve/route.ts(15,17): error TS2339: Property 'error' does not exist on type 'EnhancedAuthResult'.
src/app/api/ai-pm/documents/__tests__/route.test.ts(61,21): error TS2305: Module '"@/lib/ai-pm/auth-middleware"' has no exported member 'checkProjectAccess'.
src/app/api/ai-pm/documents/__tests__/route.test.ts(92,9): error TS2739: Type '{ id: string; email: string; full_name: string; role: "user"; }' is missing the following properties from type '{ id: string; email: string; full_name: string | null; role: "admin" | "user"; created_at: string; updated_at: string; }': created_at, updated_at
src/app/api/ai-pm/documents/__tests__/route.test.ts(107,9): error TS2739: Type '{ id: string; email: string; full_name: string; role: "user"; }' is missing the following properties from type '{ id: string; email: string; full_name: string | null; role: "admin" | "user"; created_at: string; updated_at: string; }': created_at, updated_at
src/app/api/ai-pm/documents/__tests__/route.test.ts(123,9): error TS2739: Type '{ id: string; email: string; full_name: string; role: "user"; }' is missing the following properties from type '{ id: string; email: string; full_name: string | null; role: "admin" | "user"; created_at: string; updated_at: string; }': created_at, updated_at
src/app/api/ai-pm/documents/__tests__/route.test.ts(140,9): error TS2739: Type '{ id: string; email: string; full_name: string; role: "user"; }' is missing the following properties from type '{ id: string; email: string; full_name: string | null; role: "admin" | "user"; created_at: string; updated_at: string; }': created_at, updated_at
src/app/api/ai-pm/documents/__tests__/route.test.ts(171,9): error TS2739: Type '{ id: string; email: string; full_name: string; role: "user"; }' is missing the following properties from type '{ id: string; email: string; full_name: string | null; role: "admin" | "user"; created_at: string; updated_at: string; }': created_at, updated_at
src/app/api/ai-pm/documents/__tests__/route.test.ts(178,9): error TS2322: Type 'Mock<{ eq: Mock<{ order: Mock<{ data: { id: string; title: string; content: string; status: string; workflow_step: number; created_by: string; creator_email: string; creator_name: string; }[]; error: null; }, [], any>; }, [], any>; }, [], any>' is not assignable to type 'Mock<{ eq: Mock<{ order: Mock<{ data: never[]; error: null; }, [], any>; }, [], any>; single: Mock<{ data: null; error: null; }, [], any>; }, [], any>'.
  Types of property 'mock' are incompatible.
    Type 'MockContext<{ eq: Mock<{ order: Mock<{ data: { id: string; title: string; content: string; status: string; workflow_step: number; created_by: string; creator_email: string; creator_name: string; }[]; error: null; }, [], any>; }, [], any>; }, [], any>' is not assignable to type 'MockContext<{ eq: Mock<{ order: Mock<{ data: never[]; error: null; }, [], any>; }, [], any>; single: Mock<{ data: null; error: null; }, [], any>; }, [], any>'.
      Property 'single' is missing in type '{ eq: jest.Mock<{ order: jest.Mock<{ data: { id: string; title: string; content: string; status: string; workflow_step: number; created_by: string; creator_email: string; creator_name: string; }[]; error: null; }, [], any>; }, [], any>; }' but required in type '{ eq: jest.Mock<{ order: jest.Mock<{ data: never[]; error: null; }, [], any>; }, [], any>; single: jest.Mock<{ data: null; error: null; }, [], any>; }'.
src/app/api/ai-pm/documents/__tests__/route.test.ts(200,9): error TS2739: Type '{ id: string; email: string; full_name: string; role: "user"; }' is missing the following properties from type '{ id: string; email: string; full_name: string | null; role: "admin" | "user"; created_at: string; updated_at: string; }': created_at, updated_at
src/app/api/ai-pm/documents/__tests__/route.test.ts(207,9): error TS2322: Type 'Mock<{ eq: Mock<{ order: Mock<{ data: null; error: { message: string; }; }, [], any>; }, [], any>; }, [], any>' is not assignable to type 'Mock<{ eq: Mock<{ order: Mock<{ data: never[]; error: null; }, [], any>; }, [], any>; single: Mock<{ data: null; error: null; }, [], any>; }, [], any>'.
  Types of property 'mock' are incompatible.
    Type 'MockContext<{ eq: Mock<{ order: Mock<{ data: null; error: { message: string; }; }, [], any>; }, [], any>; }, [], any>' is not assignable to type 'MockContext<{ eq: Mock<{ order: Mock<{ data: never[]; error: null; }, [], any>; }, [], any>; single: Mock<{ data: null; error: null; }, [], any>; }, [], any>'.
      Property 'single' is missing in type '{ eq: jest.Mock<{ order: jest.Mock<{ data: null; error: { message: string; }; }, [], any>; }, [], any>; }' but required in type '{ eq: jest.Mock<{ order: jest.Mock<{ data: never[]; error: null; }, [], any>; }, [], any>; single: jest.Mock<{ data: null; error: null; }, [], any>; }'.
src/app/api/ai-pm/documents/__tests__/route.test.ts(253,9): error TS2739: Type '{ id: string; email: string; full_name: string; role: "user"; }' is missing the following properties from type '{ id: string; email: string; full_name: string | null; role: "admin" | "user"; created_at: string; updated_at: string; }': created_at, updated_at
src/app/api/ai-pm/documents/__tests__/route.test.ts(275,9): error TS2739: Type '{ id: string; email: string; full_name: string; role: "user"; }' is missing the following properties from type '{ id: string; email: string; full_name: string | null; role: "admin" | "user"; created_at: string; updated_at: string; }': created_at, updated_at
src/app/api/ai-pm/documents/__tests__/route.test.ts(308,9): error TS2739: Type '{ id: string; email: string; full_name: string; role: "user"; }' is missing the following properties from type '{ id: string; email: string; full_name: string | null; role: "admin" | "user"; created_at: string; updated_at: string; }': created_at, updated_at
src/app/api/ai-pm/documents/__tests__/route.test.ts(315,9): error TS2322: Type 'Mock<{ select: Mock<{ single: Mock<{ data: { id: string; title: string; content: string; status: string; workflow_step: number; created_by: string; creator_email: string; creator_name: string; }; error: null; }, [], any>; }, [], any>; }, [], any>' is not assignable to type 'Mock<{ select: Mock<{ single: Mock<{ data: null; error: null; }, [], any>; }, [], any>; }, [], any>'.
  Types of property 'mock' are incompatible.
    Type 'MockContext<{ select: Mock<{ single: Mock<{ data: { id: string; title: string; content: string; status: string; workflow_step: number; created_by: string; creator_email: string; creator_name: string; }; error: null; }, [], any>; }, [], any>; }, [], any>' is not assignable to type 'MockContext<{ select: Mock<{ single: Mock<{ data: null; error: null; }, [], any>; }, [], any>; }, [], any>'.
      Type '{ select: jest.Mock<{ single: jest.Mock<{ data: { id: string; title: string; content: string; status: string; workflow_step: number; created_by: string; creator_email: string; creator_name: string; }; error: null; }, [], any>; }, [], any>; }' is not assignable to type '{ select: jest.Mock<{ single: jest.Mock<{ data: null; error: null; }, [], any>; }, [], any>; }'.
        The types of 'select.mock' are incompatible between these types.
          Type 'MockContext<{ single: Mock<{ data: { id: string; title: string; content: string; status: string; workflow_step: number; created_by: string; creator_email: string; creator_name: string; }; error: null; }, [], any>; }, [], any>' is not assignable to type 'MockContext<{ single: Mock<{ data: null; error: null; }, [], any>; }, [], any>'.
            Type '{ single: jest.Mock<{ data: { id: string; title: string; content: string; status: string; workflow_step: number; created_by: string; creator_email: string; creator_name: string; }; error: null; }, [], any>; }' is not assignable to type '{ single: jest.Mock<{ data: null; error: null; }, [], any>; }'.
              The types of 'single.mock' are incompatible between these types.
                Type 'MockContext<{ data: { id: string; title: string; content: string; status: string; workflow_step: number; created_by: string; creator_email: string; creator_name: string; }; error: null; }, [], any>' is not assignable to type 'MockContext<{ data: null; error: null; }, [], any>'.
                  Type '{ data: { id: string; title: string; content: string; status: string; workflow_step: number; created_by: string; creator_email: string; creator_name: string; }; error: null; }' is not assignable to type '{ data: null; error: null; }'.
                    Types of property 'data' are incompatible.
                      Type '{ id: string; title: string; content: string; status: string; workflow_step: number; created_by: string; creator_email: string; creator_name: string; }' is not assignable to type 'null'.
src/app/api/ai-pm/documents/__tests__/route.test.ts(344,9): error TS2739: Type '{ id: string; email: string; full_name: string; role: "user"; }' is missing the following properties from type '{ id: string; email: string; full_name: string | null; role: "admin" | "user"; created_at: string; updated_at: string; }': created_at, updated_at
src/app/api/ai-pm/documents/__tests__/route.test.ts(361,9): error TS2739: Type '{ id: string; email: string; full_name: string; role: "user"; }' is missing the following properties from type '{ id: string; email: string; full_name: string | null; role: "admin" | "user"; created_at: string; updated_at: string; }': created_at, updated_at
src/app/api/ai-pm/documents/__tests__/route.test.ts(368,9): error TS2322: Type 'Mock<{ select: Mock<{ single: Mock<{ data: null; error: { message: string; }; }, [], any>; }, [], any>; }, [], any>' is not assignable to type 'Mock<{ select: Mock<{ single: Mock<{ data: null; error: null; }, [], any>; }, [], any>; }, [], any>'.
  Types of property 'mock' are incompatible.
    Type 'MockContext<{ select: Mock<{ single: Mock<{ data: null; error: { message: string; }; }, [], any>; }, [], any>; }, [], any>' is not assignable to type 'MockContext<{ select: Mock<{ single: Mock<{ data: null; error: null; }, [], any>; }, [], any>; }, [], any>'.
      Type '{ select: jest.Mock<{ single: jest.Mock<{ data: null; error: { message: string; }; }, [], any>; }, [], any>; }' is not assignable to type '{ select: jest.Mock<{ single: jest.Mock<{ data: null; error: null; }, [], any>; }, [], any>; }'.
        The types of 'select.mock' are incompatible between these types.
          Type 'MockContext<{ single: Mock<{ data: null; error: { message: string; }; }, [], any>; }, [], any>' is not assignable to type 'MockContext<{ single: Mock<{ data: null; error: null; }, [], any>; }, [], any>'.
            Type '{ single: jest.Mock<{ data: null; error: { message: string; }; }, [], any>; }' is not assignable to type '{ single: jest.Mock<{ data: null; error: null; }, [], any>; }'.
              The types of 'single.mock' are incompatible between these types.
                Type 'MockContext<{ data: null; error: { message: string; }; }, [], any>' is not assignable to type 'MockContext<{ data: null; error: null; }, [], any>'.
                  Type '{ data: null; error: { message: string; }; }' is not assignable to type '{ data: null; error: null; }'.
                    Types of property 'error' are incompatible.
                      Type '{ message: string; }' is not assignable to type 'null'.
src/app/api/ai-pm/documents/generate/__tests__/route.test.ts(66,21): error TS2305: Module '"@/lib/ai-pm/auth-middleware"' has no exported member 'checkProjectAccess'.
src/app/api/ai-pm/documents/generate/__tests__/route.test.ts(100,9): error TS2739: Type '{ id: string; email: string; full_name: string; role: "user"; }' is missing the following properties from type '{ id: string; email: string; full_name: string | null; role: "admin" | "user"; created_at: string; updated_at: string; }': created_at, updated_at
src/app/api/ai-pm/documents/generate/__tests__/route.test.ts(118,9): error TS2739: Type '{ id: string; email: string; full_name: string; role: "user"; }' is missing the following properties from type '{ id: string; email: string; full_name: string | null; role: "admin" | "user"; created_at: string; updated_at: string; }': created_at, updated_at
src/app/api/ai-pm/documents/generate/__tests__/route.test.ts(136,9): error TS2739: Type '{ id: string; email: string; full_name: string; role: "user"; }' is missing the following properties from type '{ id: string; email: string; full_name: string | null; role: "admin" | "user"; created_at: string; updated_at: string; }': created_at, updated_at
src/app/api/ai-pm/documents/generate/__tests__/route.test.ts(155,9): error TS2739: Type '{ id: string; email: string; full_name: string; role: "user"; }' is missing the following properties from type '{ id: string; email: string; full_name: string | null; role: "admin" | "user"; created_at: string; updated_at: string; }': created_at, updated_at
src/app/api/ai-pm/documents/generate/__tests__/route.test.ts(175,9): error TS2739: Type '{ id: string; email: string; full_name: string; role: "user"; }' is missing the following properties from type '{ id: string; email: string; full_name: string | null; role: "admin" | "user"; created_at: string; updated_at: string; }': created_at, updated_at
src/app/api/ai-pm/documents/generate/__tests__/route.test.ts(207,9): error TS2739: Type '{ id: string; email: string; full_name: string; role: "user"; }' is missing the following properties from type '{ id: string; email: string; full_name: string | null; role: "admin" | "user"; created_at: string; updated_at: string; }': created_at, updated_at
src/app/api/ai-pm/documents/generate/__tests__/route.test.ts(214,50): error TS2345: Argument of type '(table: string) => { select: jest.Mock<{ eq: jest.Mock<{ order: jest.Mock<{ data: never[]; error: null; }, [], any>; single: jest.Mock<{ data: null; error: null; }, [], any>; }, [], any>; }, [], any>; insert: jest.Mock<...>; } | { ...; } | { ...; } | { ...; }' is not assignable to parameter of type '() => { select: Mock<{ eq: Mock<{ order: Mock<{ data: never[]; error: null; }, [], any>; single: Mock<{ data: null; error: null; }, [], any>; }, [], any>; }, [], any>; insert: Mock<{ select: Mock<...>; }, [], any>; }'.
  Target signature provides too few arguments. Expected 1 or more, but got 0.
src/app/api/ai-pm/documents/generate/__tests__/route.test.ts(284,9): error TS2739: Type '{ id: string; email: string; full_name: string; role: "user"; }' is missing the following properties from type '{ id: string; email: string; full_name: string | null; role: "admin" | "user"; created_at: string; updated_at: string; }': created_at, updated_at
src/app/api/ai-pm/documents/generate/__tests__/route.test.ts(291,50): error TS2345: Argument of type '(table: string) => { select: jest.Mock<{ eq: jest.Mock<{ order: jest.Mock<{ data: never[]; error: null; }, [], any>; single: jest.Mock<{ data: null; error: null; }, [], any>; }, [], any>; }, [], any>; insert: jest.Mock<...>; } | { ...; } | { ...; }' is not assignable to parameter of type '() => { select: Mock<{ eq: Mock<{ order: Mock<{ data: never[]; error: null; }, [], any>; single: Mock<{ data: null; error: null; }, [], any>; }, [], any>; }, [], any>; insert: Mock<{ select: Mock<...>; }, [], any>; }'.
  Target signature provides too few arguments. Expected 1 or more, but got 0.
src/app/api/ai-pm/documents/generate/__tests__/route.test.ts(346,9): error TS2739: Type '{ id: string; email: string; full_name: string; role: "user"; }' is missing the following properties from type '{ id: string; email: string; full_name: string | null; role: "admin" | "user"; created_at: string; updated_at: string; }': created_at, updated_at
src/app/api/ai-pm/documents/generate/__tests__/route.test.ts(352,50): error TS2345: Argument of type '(table: string) => { select: jest.Mock<{ eq: jest.Mock<{ order: jest.Mock<{ data: never[]; error: null; }, [], any>; single: jest.Mock<{ data: null; error: null; }, [], any>; }, [], any>; }, [], any>; insert: jest.Mock<...>; } | { ...; } | { ...; } | { ...; }' is not assignable to parameter of type '() => { select: Mock<{ eq: Mock<{ order: Mock<{ data: never[]; error: null; }, [], any>; single: Mock<{ data: null; error: null; }, [], any>; }, [], any>; }, [], any>; insert: Mock<{ select: Mock<...>; }, [], any>; }'.
  Target signature provides too few arguments. Expected 1 or more, but got 0.
src/app/api/ai-pm/documents/generate/__tests__/route.test.ts(410,9): error TS2739: Type '{ id: string; email: string; full_name: string; role: "user"; }' is missing the following properties from type '{ id: string; email: string; full_name: string | null; role: "admin" | "user"; created_at: string; updated_at: string; }': created_at, updated_at
src/app/api/ai-pm/documents/generate/__tests__/route.test.ts(416,50): error TS2345: Argument of type '(table: string) => { select: jest.Mock<{ eq: jest.Mock<{ order: jest.Mock<{ data: never[]; error: null; }, [], any>; single: jest.Mock<{ data: null; error: null; }, [], any>; }, [], any>; }, [], any>; insert: jest.Mock<...>; } | { ...; } | { ...; } | { ...; }' is not assignable to parameter of type '() => { select: Mock<{ eq: Mock<{ order: Mock<{ data: never[]; error: null; }, [], any>; single: Mock<{ data: null; error: null; }, [], any>; }, [], any>; }, [], any>; insert: Mock<{ select: Mock<...>; }, [], any>; }'.
  Target signature provides too few arguments. Expected 1 or more, but got 0.
src/app/api/ai-pm/documents/generate/__tests__/route.test.ts(471,9): error TS2739: Type '{ id: string; email: string; full_name: string; role: "user"; }' is missing the following properties from type '{ id: string; email: string; full_name: string | null; role: "admin" | "user"; created_at: string; updated_at: string; }': created_at, updated_at
src/app/api/ai-pm/documents/generate/__tests__/route.test.ts(477,50): error TS2345: Argument of type '(table: string) => { select: jest.Mock<{ eq: jest.Mock<{ order: jest.Mock<{ data: never[]; error: null; }, [], any>; single: jest.Mock<{ data: null; error: null; }, [], any>; }, [], any>; }, [], any>; insert: jest.Mock<...>; } | { ...; } | { ...; } | { ...; }' is not assignable to parameter of type '() => { select: Mock<{ eq: Mock<{ order: Mock<{ data: never[]; error: null; }, [], any>; single: Mock<{ data: null; error: null; }, [], any>; }, [], any>; }, [], any>; insert: Mock<{ select: Mock<...>; }, [], any>; }'.
  Target signature provides too few arguments. Expected 1 or more, but got 0.
src/app/api/ai-pm/documents/generate/__tests__/route.test.ts(529,14): error TS18048: 'insertCall' is possibly 'undefined'.
src/app/api/ai-pm/documents/generate/route.ts(147,9): error TS18046: 'error' is of type 'unknown'.
src/app/api/ai-pm/documents/generate/route.ts(147,24): error TS18046: 'error' is of type 'unknown'.
src/app/api/ai-pm/documents/generate/route.ts(148,26): error TS18046: 'error' is of type 'unknown'.
src/app/api/ai-pm/documents/generate/route.ts(149,25): error TS18046: 'error' is of type 'unknown'.
src/app/api/ai-pm/documents/generate/route.ts(150,25): error TS18046: 'error' is of type 'unknown'.
src/app/api/ai-pm/documents/pending-approvals/route.ts(38,79): error TS7006: Parameter 'doc' implicitly has an 'any' type.
src/app/api/ai-pm/documents/pending-approvals/route.ts(60,59): error TS18046: 'error' is of type 'unknown'.
src/app/api/ai-pm/projects/__tests__/route.test.ts(78,9): error TS2739: Type '{ id: string; email: string; full_name: string; role: "user"; }' is missing the following properties from type '{ id: string; email: string; full_name: string | null; role: "admin" | "user"; created_at: string; updated_at: string; }': created_at, updated_at
src/app/api/ai-pm/projects/__tests__/route.test.ts(110,9): error TS2739: Type '{ id: string; email: string; full_name: string; role: "admin"; }' is missing the following properties from type '{ id: string; email: string; full_name: string | null; role: "admin" | "user"; created_at: string; updated_at: string; }': created_at, updated_at
src/app/api/ai-pm/projects/route.ts(30,22): error TS2367: This comparison appears to be unintentional because the types 'AIpmErrorType.FORBIDDEN | AIpmErrorType.PROJECT_NOT_FOUND | AIpmErrorType.MEMBER_NOT_FOUND | AIpmErrorType.DOCUMENT_NOT_FOUND | AIpmErrorType.USER_NOT_FOUND | AIpmErrorType.MEMBER_ALREADY_EXISTS | ... 10 more ... | AIpmErrorType.SECURITY_VIOLATION' and 'AIpmErrorType.UNAUTHORIZED' have no overlap.
src/app/components/InputForm.tsx(13,26): error TS2307: Cannot find module '@/components/ui/calendar' or its corresponding type declarations.
src/app/components/InputForm.tsx(46,18): error TS2353: Object literal may only specify known properties, and 'required_error' does not exist in type '{ error?: string | $ZodErrorMap<$ZodIssueInvalidType<unknown>> | undefined; message?: string | undefined; }'.
src/app/components/InputForm.tsx(71,5): error TS2322: Type 'Resolver<{ userName: string; date: Date; projects: { name: string; tasks: { description: string; collaborator?: string | undefined; status?: string | undefined; }[]; }[]; miscTasks: { description: string; collaborator?: string | undefined; status?: string | undefined; }[]; }, any, { ...; }>' is not assignable to type 'Resolver<{ userName: string; date: Date; projects: { name: string; tasks: { description: string; status: string; collaborator?: string | undefined; }[]; }[]; miscTasks: { description: string; status: string; collaborator?: string | undefined; }[]; }, any, { ...; }>'.
  Types of parameters 'options' and 'options' are incompatible.
    Type 'ResolverOptions<{ userName: string; date: Date; projects: { name: string; tasks: { description: string; status: string; collaborator?: string | undefined; }[]; }[]; miscTasks: { description: string; status: string; collaborator?: string | undefined; }[]; }>' is not assignable to type 'ResolverOptions<{ userName: string; date: Date; projects: { name: string; tasks: { description: string; collaborator?: string | undefined; status?: string | undefined; }[]; }[]; miscTasks: { description: string; collaborator?: string | undefined; status?: string | undefined; }[]; }>'.
      Type '{ name: string; tasks: { description: string; collaborator?: string | undefined; status?: string | undefined; }[]; }[]' is not assignable to type '{ name: string; tasks: { description: string; status: string; collaborator?: string | undefined; }[]; }[]'.
        Type '{ name: string; tasks: { description: string; collaborator?: string | undefined; status?: string | undefined; }[]; }' is not assignable to type '{ name: string; tasks: { description: string; status: string; collaborator?: string | undefined; }[]; }'.
          Types of property 'tasks' are incompatible.
            Type '{ description: string; collaborator?: string | undefined; status?: string | undefined; }[]' is not assignable to type '{ description: string; status: string; collaborator?: string | undefined; }[]'.
              Type '{ description: string; collaborator?: string | undefined; status?: string | undefined; }' is not assignable to type '{ description: string; status: string; collaborator?: string | undefined; }'.
                Types of property 'status' are incompatible.
                  Type 'string | undefined' is not assignable to type 'string'.
                    Type 'undefined' is not assignable to type 'string'.
src/app/components/InputForm.tsx(158,15): error TS2322: Type 'Control<{ userName: string; date: Date; projects: { name: string; tasks: { description: string; status: string; collaborator?: string | undefined; }[]; }[]; miscTasks: { description: string; status: string; collaborator?: string | undefined; }[]; }, any, TFieldValues>' is not assignable to type 'Control<{ userName: string; date: Date; projects: { name: string; tasks: { description: string; status: string; collaborator?: string | undefined; }[]; }[]; miscTasks: { description: string; status: string; collaborator?: string | undefined; }[]; }, any, { ...; }>'.
  The types of '_options.resolver' are incompatible between these types.
    Type 'Resolver<{ userName: string; date: Date; projects: { name: string; tasks: { description: string; status: string; collaborator?: string | undefined; }[]; }[]; miscTasks: { description: string; status: string; collaborator?: string | undefined; }[]; }, any, TFieldValues> | undefined' is not assignable to type 'Resolver<{ userName: string; date: Date; projects: { name: string; tasks: { description: string; status: string; collaborator?: string | undefined; }[]; }[]; miscTasks: { description: string; status: string; collaborator?: string | undefined; }[]; }, any, { ...; }> | undefined'.
      Type 'Resolver<{ userName: string; date: Date; projects: { name: string; tasks: { description: string; status: string; collaborator?: string | undefined; }[]; }[]; miscTasks: { description: string; status: string; collaborator?: string | undefined; }[]; }, any, TFieldValues>' is not assignable to type 'Resolver<{ userName: string; date: Date; projects: { name: string; tasks: { description: string; status: string; collaborator?: string | undefined; }[]; }[]; miscTasks: { description: string; status: string; collaborator?: string | undefined; }[]; }, any, { ...; }>'.
        Type 'ResolverResult<{ userName: string; date: Date; projects: { name: string; tasks: { description: string; status: string; collaborator?: string | undefined; }[]; }[]; miscTasks: { description: string; status: string; collaborator?: string | undefined; }[]; }, TFieldValues> | Promise<...>' is not assignable to type 'ResolverResult<{ userName: string; date: Date; projects: { name: string; tasks: { description: string; status: string; collaborator?: string | undefined; }[]; }[]; miscTasks: { description: string; status: string; collaborator?: string | undefined; }[]; }, { ...; }> | Promise<...>'.
          Type 'ResolverSuccess<TFieldValues>' is not assignable to type 'ResolverResult<{ userName: string; date: Date; projects: { name: string; tasks: { description: string; status: string; collaborator?: string | undefined; }[]; }[]; miscTasks: { description: string; status: string; collaborator?: string | undefined; }[]; }, { ...; }> | Promise<...>'.
            Type 'ResolverSuccess<TFieldValues>' is not assignable to type 'ResolverSuccess<{ userName: string; date: Date; projects: { name: string; tasks: { description: string; status: string; collaborator?: string | undefined; }[]; }[]; miscTasks: { description: string; status: string; collaborator?: string | undefined; }[]; }>'.
              Type 'TFieldValues' is not assignable to type '{ userName: string; date: Date; projects: { name: string; tasks: { description: string; status: string; collaborator?: string | undefined; }[]; }[]; miscTasks: { description: string; status: string; collaborator?: string | undefined; }[]; }'.
                Type 'FieldValues' is missing the following properties from type '{ userName: string; date: Date; projects: { name: string; tasks: { description: string; status: string; collaborator?: string | undefined; }[]; }[]; miscTasks: { description: string; status: string; collaborator?: string | undefined; }[]; }': userName, date, projects, miscTasks
src/app/components/InputForm.tsx(171,15): error TS2322: Type 'Control<{ userName: string; date: Date; projects: { name: string; tasks: { description: string; status: string; collaborator?: string | undefined; }[]; }[]; miscTasks: { description: string; status: string; collaborator?: string | undefined; }[]; }, any, TFieldValues>' is not assignable to type 'Control<{ userName: string; date: Date; projects: { name: string; tasks: { description: string; status: string; collaborator?: string | undefined; }[]; }[]; miscTasks: { description: string; status: string; collaborator?: string | undefined; }[]; }, any, { ...; }>'.
  The types of '_options.resolver' are incompatible between these types.
    Type 'Resolver<{ userName: string; date: Date; projects: { name: string; tasks: { description: string; status: string; collaborator?: string | undefined; }[]; }[]; miscTasks: { description: string; status: string; collaborator?: string | undefined; }[]; }, any, TFieldValues> | undefined' is not assignable to type 'Resolver<{ userName: string; date: Date; projects: { name: string; tasks: { description: string; status: string; collaborator?: string | undefined; }[]; }[]; miscTasks: { description: string; status: string; collaborator?: string | undefined; }[]; }, any, { ...; }> | undefined'.
      Type 'Resolver<{ userName: string; date: Date; projects: { name: string; tasks: { description: string; status: string; collaborator?: string | undefined; }[]; }[]; miscTasks: { description: string; status: string; collaborator?: string | undefined; }[]; }, any, TFieldValues>' is not assignable to type 'Resolver<{ userName: string; date: Date; projects: { name: string; tasks: { description: string; status: string; collaborator?: string | undefined; }[]; }[]; miscTasks: { description: string; status: string; collaborator?: string | undefined; }[]; }, any, { ...; }>'.
        Type 'ResolverResult<{ userName: string; date: Date; projects: { name: string; tasks: { description: string; status: string; collaborator?: string | undefined; }[]; }[]; miscTasks: { description: string; status: string; collaborator?: string | undefined; }[]; }, TFieldValues> | Promise<...>' is not assignable to type 'ResolverResult<{ userName: string; date: Date; projects: { name: string; tasks: { description: string; status: string; collaborator?: string | undefined; }[]; }[]; miscTasks: { description: string; status: string; collaborator?: string | undefined; }[]; }, { ...; }> | Promise<...>'.
          Type 'ResolverSuccess<TFieldValues>' is not assignable to type 'ResolverResult<{ userName: string; date: Date; projects: { name: string; tasks: { description: string; status: string; collaborator?: string | undefined; }[]; }[]; miscTasks: { description: string; status: string; collaborator?: string | undefined; }[]; }, { ...; }> | Promise<...>'.
            Type 'ResolverSuccess<TFieldValues>' is not assignable to type 'ResolverSuccess<{ userName: string; date: Date; projects: { name: string; tasks: { description: string; status: string; collaborator?: string | undefined; }[]; }[]; miscTasks: { description: string; status: string; collaborator?: string | undefined; }[]; }>'.
              Type 'TFieldValues' is not assignable to type '{ userName: string; date: Date; projects: { name: string; tasks: { description: string; status: string; collaborator?: string | undefined; }[]; }[]; miscTasks: { description: string; status: string; collaborator?: string | undefined; }[]; }'.
                Type 'FieldValues' is missing the following properties from type '{ userName: string; date: Date; projects: { name: string; tasks: { description: string; status: string; collaborator?: string | undefined; }[]; }[]; miscTasks: { description: string; status: string; collaborator?: string | undefined; }[]; }': userName, date, projects, miscTasks
src/app/components/InputForm.tsx(229,17): error TS2322: Type 'Control<{ userName: string; date: Date; projects: { name: string; tasks: { description: string; status: string; collaborator?: string | undefined; }[]; }[]; miscTasks: { description: string; status: string; collaborator?: string | undefined; }[]; }, any, TFieldValues>' is not assignable to type 'Control<{ userName: string; date: Date; projects: { name: string; tasks: { description: string; status: string; collaborator?: string | undefined; }[]; }[]; miscTasks: { description: string; status: string; collaborator?: string | undefined; }[]; }>'.
  The types of '_options.resolver' are incompatible between these types.
    Type 'Resolver<{ userName: string; date: Date; projects: { name: string; tasks: { description: string; status: string; collaborator?: string | undefined; }[]; }[]; miscTasks: { description: string; status: string; collaborator?: string | undefined; }[]; }, any, TFieldValues> | undefined' is not assignable to type 'Resolver<{ userName: string; date: Date; projects: { name: string; tasks: { description: string; status: string; collaborator?: string | undefined; }[]; }[]; miscTasks: { description: string; status: string; collaborator?: string | undefined; }[]; }, any, { ...; }> | undefined'.
      Type 'Resolver<{ userName: string; date: Date; projects: { name: string; tasks: { description: string; status: string; collaborator?: string | undefined; }[]; }[]; miscTasks: { description: string; status: string; collaborator?: string | undefined; }[]; }, any, TFieldValues>' is not assignable to type 'Resolver<{ userName: string; date: Date; projects: { name: string; tasks: { description: string; status: string; collaborator?: string | undefined; }[]; }[]; miscTasks: { description: string; status: string; collaborator?: string | undefined; }[]; }, any, { ...; }>'.
        Type 'ResolverResult<{ userName: string; date: Date; projects: { name: string; tasks: { description: string; status: string; collaborator?: string | undefined; }[]; }[]; miscTasks: { description: string; status: string; collaborator?: string | undefined; }[]; }, TFieldValues> | Promise<...>' is not assignable to type 'ResolverResult<{ userName: string; date: Date; projects: { name: string; tasks: { description: string; status: string; collaborator?: string | undefined; }[]; }[]; miscTasks: { description: string; status: string; collaborator?: string | undefined; }[]; }, { ...; }> | Promise<...>'.
          Type 'ResolverSuccess<TFieldValues>' is not assignable to type 'ResolverResult<{ userName: string; date: Date; projects: { name: string; tasks: { description: string; status: string; collaborator?: string | undefined; }[]; }[]; miscTasks: { description: string; status: string; collaborator?: string | undefined; }[]; }, { ...; }> | Promise<...>'.
            Type 'ResolverSuccess<TFieldValues>' is not assignable to type 'ResolverSuccess<{ userName: string; date: Date; projects: { name: string; tasks: { description: string; status: string; collaborator?: string | undefined; }[]; }[]; miscTasks: { description: string; status: string; collaborator?: string | undefined; }[]; }>'.
              Type 'TFieldValues' is not assignable to type '{ userName: string; date: Date; projects: { name: string; tasks: { description: string; status: string; collaborator?: string | undefined; }[]; }[]; miscTasks: { description: string; status: string; collaborator?: string | undefined; }[]; }'.
                Type 'FieldValues' is missing the following properties from type '{ userName: string; date: Date; projects: { name: string; tasks: { description: string; status: string; collaborator?: string | undefined; }[]; }[]; miscTasks: { description: string; status: string; collaborator?: string | undefined; }[]; }': userName, date, projects, miscTasks
src/app/components/InputForm.tsx(258,19): error TS2322: Type 'Control<{ userName: string; date: Date; projects: { name: string; tasks: { description: string; status: string; collaborator?: string | undefined; }[]; }[]; miscTasks: { description: string; status: string; collaborator?: string | undefined; }[]; }, any, TFieldValues>' is not assignable to type 'Control<{ userName: string; date: Date; projects: { name: string; tasks: { description: string; status: string; collaborator?: string | undefined; }[]; }[]; miscTasks: { description: string; status: string; collaborator?: string | undefined; }[]; }, any, { ...; }>'.
  The types of '_options.resolver' are incompatible between these types.
    Type 'Resolver<{ userName: string; date: Date; projects: { name: string; tasks: { description: string; status: string; collaborator?: string | undefined; }[]; }[]; miscTasks: { description: string; status: string; collaborator?: string | undefined; }[]; }, any, TFieldValues> | undefined' is not assignable to type 'Resolver<{ userName: string; date: Date; projects: { name: string; tasks: { description: string; status: string; collaborator?: string | undefined; }[]; }[]; miscTasks: { description: string; status: string; collaborator?: string | undefined; }[]; }, any, { ...; }> | undefined'.
      Type 'Resolver<{ userName: string; date: Date; projects: { name: string; tasks: { description: string; status: string; collaborator?: string | undefined; }[]; }[]; miscTasks: { description: string; status: string; collaborator?: string | undefined; }[]; }, any, TFieldValues>' is not assignable to type 'Resolver<{ userName: string; date: Date; projects: { name: string; tasks: { description: string; status: string; collaborator?: string | undefined; }[]; }[]; miscTasks: { description: string; status: string; collaborator?: string | undefined; }[]; }, any, { ...; }>'.
        Type 'ResolverResult<{ userName: string; date: Date; projects: { name: string; tasks: { description: string; status: string; collaborator?: string | undefined; }[]; }[]; miscTasks: { description: string; status: string; collaborator?: string | undefined; }[]; }, TFieldValues> | Promise<...>' is not assignable to type 'ResolverResult<{ userName: string; date: Date; projects: { name: string; tasks: { description: string; status: string; collaborator?: string | undefined; }[]; }[]; miscTasks: { description: string; status: string; collaborator?: string | undefined; }[]; }, { ...; }> | Promise<...>'.
          Type 'ResolverSuccess<TFieldValues>' is not assignable to type 'ResolverResult<{ userName: string; date: Date; projects: { name: string; tasks: { description: string; status: string; collaborator?: string | undefined; }[]; }[]; miscTasks: { description: string; status: string; collaborator?: string | undefined; }[]; }, { ...; }> | Promise<...>'.
            Type 'ResolverSuccess<TFieldValues>' is not assignable to type 'ResolverSuccess<{ userName: string; date: Date; projects: { name: string; tasks: { description: string; status: string; collaborator?: string | undefined; }[]; }[]; miscTasks: { description: string; status: string; collaborator?: string | undefined; }[]; }>'.
              Type 'TFieldValues' is not assignable to type '{ userName: string; date: Date; projects: { name: string; tasks: { description: string; status: string; collaborator?: string | undefined; }[]; }[]; miscTasks: { description: string; status: string; collaborator?: string | undefined; }[]; }'.
                Type 'FieldValues' is missing the following properties from type '{ userName: string; date: Date; projects: { name: string; tasks: { description: string; status: string; collaborator?: string | undefined; }[]; }[]; miscTasks: { description: string; status: string; collaborator?: string | undefined; }[]; }': userName, date, projects, miscTasks
src/app/components/InputForm.tsx(270,19): error TS2322: Type 'Control<{ userName: string; date: Date; projects: { name: string; tasks: { description: string; status: string; collaborator?: string | undefined; }[]; }[]; miscTasks: { description: string; status: string; collaborator?: string | undefined; }[]; }, any, TFieldValues>' is not assignable to type 'Control<{ userName: string; date: Date; projects: { name: string; tasks: { description: string; status: string; collaborator?: string | undefined; }[]; }[]; miscTasks: { description: string; status: string; collaborator?: string | undefined; }[]; }, any, { ...; }>'.
  The types of '_options.resolver' are incompatible between these types.
    Type 'Resolver<{ userName: string; date: Date; projects: { name: string; tasks: { description: string; status: string; collaborator?: string | undefined; }[]; }[]; miscTasks: { description: string; status: string; collaborator?: string | undefined; }[]; }, any, TFieldValues> | undefined' is not assignable to type 'Resolver<{ userName: string; date: Date; projects: { name: string; tasks: { description: string; status: string; collaborator?: string | undefined; }[]; }[]; miscTasks: { description: string; status: string; collaborator?: string | undefined; }[]; }, any, { ...; }> | undefined'.
      Type 'Resolver<{ userName: string; date: Date; projects: { name: string; tasks: { description: string; status: string; collaborator?: string | undefined; }[]; }[]; miscTasks: { description: string; status: string; collaborator?: string | undefined; }[]; }, any, TFieldValues>' is not assignable to type 'Resolver<{ userName: string; date: Date; projects: { name: string; tasks: { description: string; status: string; collaborator?: string | undefined; }[]; }[]; miscTasks: { description: string; status: string; collaborator?: string | undefined; }[]; }, any, { ...; }>'.
        Type 'ResolverResult<{ userName: string; date: Date; projects: { name: string; tasks: { description: string; status: string; collaborator?: string | undefined; }[]; }[]; miscTasks: { description: string; status: string; collaborator?: string | undefined; }[]; }, TFieldValues> | Promise<...>' is not assignable to type 'ResolverResult<{ userName: string; date: Date; projects: { name: string; tasks: { description: string; status: string; collaborator?: string | undefined; }[]; }[]; miscTasks: { description: string; status: string; collaborator?: string | undefined; }[]; }, { ...; }> | Promise<...>'.
          Type 'ResolverSuccess<TFieldValues>' is not assignable to type 'ResolverResult<{ userName: string; date: Date; projects: { name: string; tasks: { description: string; status: string; collaborator?: string | undefined; }[]; }[]; miscTasks: { description: string; status: string; collaborator?: string | undefined; }[]; }, { ...; }> | Promise<...>'.
            Type 'ResolverSuccess<TFieldValues>' is not assignable to type 'ResolverSuccess<{ userName: string; date: Date; projects: { name: string; tasks: { description: string; status: string; collaborator?: string | undefined; }[]; }[]; miscTasks: { description: string; status: string; collaborator?: string | undefined; }[]; }>'.
              Type 'TFieldValues' is not assignable to type '{ userName: string; date: Date; projects: { name: string; tasks: { description: string; status: string; collaborator?: string | undefined; }[]; }[]; miscTasks: { description: string; status: string; collaborator?: string | undefined; }[]; }'.
                Type 'FieldValues' is missing the following properties from type '{ userName: string; date: Date; projects: { name: string; tasks: { description: string; status: string; collaborator?: string | undefined; }[]; }[]; miscTasks: { description: string; status: string; collaborator?: string | undefined; }[]; }': userName, date, projects, miscTasks
src/app/components/ReportSummary.tsx(21,26): error TS2307: Cannot find module '@/components/ui/calendar' or its corresponding type declarations.
src/app/components/WeeklyReportForm.tsx(86,5): error TS2322: Type 'Resolver<{ userName: string; projects: { name: string; tasks: { description: string; collaborator?: string | undefined; status?: string | undefined; }[]; }[]; miscTasks: { description: string; collaborator?: string | undefined; status?: string | undefined; }[]; }, any, { ...; }>' is not assignable to type 'Resolver<{ userName: string; projects: { name: string; tasks: { description: string; status: string; collaborator?: string | undefined; }[]; }[]; miscTasks: { description: string; status: string; collaborator?: string | undefined; }[]; }, any, { ...; }>'.
  Types of parameters 'options' and 'options' are incompatible.
    Type 'ResolverOptions<{ userName: string; projects: { name: string; tasks: { description: string; status: string; collaborator?: string | undefined; }[]; }[]; miscTasks: { description: string; status: string; collaborator?: string | undefined; }[]; }>' is not assignable to type 'ResolverOptions<{ userName: string; projects: { name: string; tasks: { description: string; collaborator?: string | undefined; status?: string | undefined; }[]; }[]; miscTasks: { description: string; collaborator?: string | undefined; status?: string | undefined; }[]; }>'.
      Type '{ name: string; tasks: { description: string; collaborator?: string | undefined; status?: string | undefined; }[]; }[]' is not assignable to type '{ name: string; tasks: { description: string; status: string; collaborator?: string | undefined; }[]; }[]'.
        Type '{ name: string; tasks: { description: string; collaborator?: string | undefined; status?: string | undefined; }[]; }' is not assignable to type '{ name: string; tasks: { description: string; status: string; collaborator?: string | undefined; }[]; }'.
          Types of property 'tasks' are incompatible.
            Type '{ description: string; collaborator?: string | undefined; status?: string | undefined; }[]' is not assignable to type '{ description: string; status: string; collaborator?: string | undefined; }[]'.
              Type '{ description: string; collaborator?: string | undefined; status?: string | undefined; }' is not assignable to type '{ description: string; status: string; collaborator?: string | undefined; }'.
                Types of property 'status' are incompatible.
                  Type 'string | undefined' is not assignable to type 'string'.
                    Type 'undefined' is not assignable to type 'string'.
src/app/components/WeeklyReportForm.tsx(331,24): error TS18048: 'p.tasks' is possibly 'undefined'.
src/app/components/WeeklyReportForm.tsx(358,43): error TS2345: Argument of type '(values: WeeklyFormValues) => void' is not assignable to parameter of type 'SubmitHandler<TFieldValues>'.
  Types of parameters 'values' and 'data' are incompatible.
    Type 'TFieldValues' is not assignable to type '{ userName: string; projects: { name: string; tasks: { description: string; status: string; collaborator?: string | undefined; }[]; }[]; miscTasks: { description: string; status: string; collaborator?: string | undefined; }[]; }'.
      Type 'FieldValues' is missing the following properties from type '{ userName: string; projects: { name: string; tasks: { description: string; status: string; collaborator?: string | undefined; }[]; }[]; miscTasks: { description: string; status: string; collaborator?: string | undefined; }[]; }': userName, projects, miscTasks
src/app/components/WeeklyReportForm.tsx(363,17): error TS2322: Type 'Control<{ userName: string; projects: { name: string; tasks: { description: string; status: string; collaborator?: string | undefined; }[]; }[]; miscTasks: { description: string; status: string; collaborator?: string | undefined; }[]; }, any, TFieldValues>' is not assignable to type 'Control<{ userName: string; projects: { name: string; tasks: { description: string; status: string; collaborator?: string | undefined; }[]; }[]; miscTasks: { description: string; status: string; collaborator?: string | undefined; }[]; }, any, { ...; }>'.
  The types of '_options.resolver' are incompatible between these types.
    Type 'Resolver<{ userName: string; projects: { name: string; tasks: { description: string; status: string; collaborator?: string | undefined; }[]; }[]; miscTasks: { description: string; status: string; collaborator?: string | undefined; }[]; }, any, TFieldValues> | undefined' is not assignable to type 'Resolver<{ userName: string; projects: { name: string; tasks: { description: string; status: string; collaborator?: string | undefined; }[]; }[]; miscTasks: { description: string; status: string; collaborator?: string | undefined; }[]; }, any, { ...; }> | undefined'.
      Type 'Resolver<{ userName: string; projects: { name: string; tasks: { description: string; status: string; collaborator?: string | undefined; }[]; }[]; miscTasks: { description: string; status: string; collaborator?: string | undefined; }[]; }, any, TFieldValues>' is not assignable to type 'Resolver<{ userName: string; projects: { name: string; tasks: { description: string; status: string; collaborator?: string | undefined; }[]; }[]; miscTasks: { description: string; status: string; collaborator?: string | undefined; }[]; }, any, { ...; }>'.
        Type 'ResolverResult<{ userName: string; projects: { name: string; tasks: { description: string; status: string; collaborator?: string | undefined; }[]; }[]; miscTasks: { description: string; status: string; collaborator?: string | undefined; }[]; }, TFieldValues> | Promise<...>' is not assignable to type 'ResolverResult<{ userName: string; projects: { name: string; tasks: { description: string; status: string; collaborator?: string | undefined; }[]; }[]; miscTasks: { description: string; status: string; collaborator?: string | undefined; }[]; }, { ...; }> | Promise<...>'.
          Type 'ResolverSuccess<TFieldValues>' is not assignable to type 'ResolverResult<{ userName: string; projects: { name: string; tasks: { description: string; status: string; collaborator?: string | undefined; }[]; }[]; miscTasks: { description: string; status: string; collaborator?: string | undefined; }[]; }, { ...; }> | Promise<...>'.
            Type 'ResolverSuccess<TFieldValues>' is not assignable to type 'ResolverSuccess<{ userName: string; projects: { name: string; tasks: { description: string; status: string; collaborator?: string | undefined; }[]; }[]; miscTasks: { description: string; status: string; collaborator?: string | undefined; }[]; }>'.
              Type 'TFieldValues' is not assignable to type '{ userName: string; projects: { name: string; tasks: { description: string; status: string; collaborator?: string | undefined; }[]; }[]; miscTasks: { description: string; status: string; collaborator?: string | undefined; }[]; }'.
                Type 'FieldValues' is missing the following properties from type '{ userName: string; projects: { name: string; tasks: { description: string; status: string; collaborator?: string | undefined; }[]; }[]; miscTasks: { description: string; status: string; collaborator?: string | undefined; }[]; }': userName, projects, miscTasks
src/app/components/WeeklyReportForm.tsx(388,19): error TS2322: Type 'Control<{ userName: string; projects: { name: string; tasks: { description: string; status: string; collaborator?: string | undefined; }[]; }[]; miscTasks: { description: string; status: string; collaborator?: string | undefined; }[]; }, any, TFieldValues>' is not assignable to type 'Control<{ userName: string; projects: { name: string; tasks: { description: string; status: string; collaborator?: string | undefined; }[]; }[]; miscTasks: { description: string; status: string; collaborator?: string | undefined; }[]; }>'.
  The types of '_options.resolver' are incompatible between these types.
    Type 'Resolver<{ userName: string; projects: { name: string; tasks: { description: string; status: string; collaborator?: string | undefined; }[]; }[]; miscTasks: { description: string; status: string; collaborator?: string | undefined; }[]; }, any, TFieldValues> | undefined' is not assignable to type 'Resolver<{ userName: string; projects: { name: string; tasks: { description: string; status: string; collaborator?: string | undefined; }[]; }[]; miscTasks: { description: string; status: string; collaborator?: string | undefined; }[]; }, any, { ...; }> | undefined'.
      Type 'Resolver<{ userName: string; projects: { name: string; tasks: { description: string; status: string; collaborator?: string | undefined; }[]; }[]; miscTasks: { description: string; status: string; collaborator?: string | undefined; }[]; }, any, TFieldValues>' is not assignable to type 'Resolver<{ userName: string; projects: { name: string; tasks: { description: string; status: string; collaborator?: string | undefined; }[]; }[]; miscTasks: { description: string; status: string; collaborator?: string | undefined; }[]; }, any, { ...; }>'.
        Type 'ResolverResult<{ userName: string; projects: { name: string; tasks: { description: string; status: string; collaborator?: string | undefined; }[]; }[]; miscTasks: { description: string; status: string; collaborator?: string | undefined; }[]; }, TFieldValues> | Promise<...>' is not assignable to type 'ResolverResult<{ userName: string; projects: { name: string; tasks: { description: string; status: string; collaborator?: string | undefined; }[]; }[]; miscTasks: { description: string; status: string; collaborator?: string | undefined; }[]; }, { ...; }> | Promise<...>'.
          Type 'ResolverSuccess<TFieldValues>' is not assignable to type 'ResolverResult<{ userName: string; projects: { name: string; tasks: { description: string; status: string; collaborator?: string | undefined; }[]; }[]; miscTasks: { description: string; status: string; collaborator?: string | undefined; }[]; }, { ...; }> | Promise<...>'.
            Type 'ResolverSuccess<TFieldValues>' is not assignable to type 'ResolverSuccess<{ userName: string; projects: { name: string; tasks: { description: string; status: string; collaborator?: string | undefined; }[]; }[]; miscTasks: { description: string; status: string; collaborator?: string | undefined; }[]; }>'.
              Type 'TFieldValues' is not assignable to type '{ userName: string; projects: { name: string; tasks: { description: string; status: string; collaborator?: string | undefined; }[]; }[]; miscTasks: { description: string; status: string; collaborator?: string | undefined; }[]; }'.
                Type 'FieldValues' is missing the following properties from type '{ userName: string; projects: { name: string; tasks: { description: string; status: string; collaborator?: string | undefined; }[]; }[]; miscTasks: { description: string; status: string; collaborator?: string | undefined; }[]; }': userName, projects, miscTasks
src/app/landing/components/Footer.tsx(7,44): error TS2339: Property 'colors' does not exist on type 'DefaultTheme'.
src/app/landing/components/Footer.tsx(9,33): error TS2339: Property 'colors' does not exist on type 'DefaultTheme'.
src/app/landing/components/Footer.tsx(10,48): error TS2339: Property 'colors' does not exist on type 'DefaultTheme'.
src/app/landing/components/Header.tsx(4,22): error TS7016: Could not find a declaration file for module 'react-scroll'. 'C:/Users/keduall/func/node_modules/react-scroll/modules/index.js' implicitly has an 'any' type.
  Try `npm i --save-dev @types/react-scroll` if it exists or add a new declaration (.d.ts) file containing `declare module 'react-scroll';`
src/app/landing/components/Header.tsx(23,51): error TS2339: Property 'colors' does not exist on type 'DefaultTheme'.
src/app/landing/components/Header.tsx(38,45): error TS2339: Property 'breakpoints' does not exist on type 'DefaultTheme'.
src/app/landing/components/Header.tsx(48,44): error TS2339: Property 'colors' does not exist on type 'DefaultTheme'.
src/app/landing/components/Header.tsx(50,41): error TS2339: Property 'radii' does not exist on type 'DefaultTheme'.
src/app/landing/components/Header.tsx(87,45): error TS2339: Property 'breakpoints' does not exist on type 'DefaultTheme'.
src/app/landing/components/Header.tsx(91,35): error TS2339: Property 'colors' does not exist on type 'DefaultTheme'.
src/app/landing/components/Header.tsx(101,38): error TS2339: Property 'colors' does not exist on type 'DefaultTheme'.
src/app/landing/components/Header.tsx(127,44): error TS2339: Property 'colors' does not exist on type 'DefaultTheme'.
src/app/landing/components/Header.tsx(129,41): error TS2339: Property 'radii' does not exist on type 'DefaultTheme'.
src/app/landing/sections/FaqSection.tsx(10,45): error TS2339: Property 'breakpoints' does not exist on type 'DefaultTheme'.
src/app/landing/sections/FaqSection.tsx(30,38): error TS2339: Property 'colors' does not exist on type 'DefaultTheme'.
src/app/landing/sections/FaqSection.tsx(31,41): error TS2339: Property 'radii' does not exist on type 'DefaultTheme'.
src/app/landing/sections/FaqSection.tsx(48,33): error TS2339: Property 'colors' does not exist on type 'DefaultTheme'.
src/app/landing/sections/FeaturesSection.tsx(9,44): error TS2339: Property 'colors' does not exist on type 'DefaultTheme'.
src/app/landing/sections/FeaturesSection.tsx(11,45): error TS2339: Property 'breakpoints' does not exist on type 'DefaultTheme'.
src/app/landing/sections/FeaturesSection.tsx(20,33): error TS2339: Property 'colors' does not exist on type 'DefaultTheme'.
src/app/landing/sections/FeaturesSection.tsx(26,33): error TS2339: Property 'colors' does not exist on type 'DefaultTheme'.
src/app/landing/sections/FeaturesSection.tsx(37,38): error TS2339: Property 'colors' does not exist on type 'DefaultTheme'.
src/app/landing/sections/FeaturesSection.tsx(39,41): error TS2339: Property 'radii' does not exist on type 'DefaultTheme'.
src/app/landing/sections/FeaturesSection.tsx(41,44): error TS2339: Property 'colors' does not exist on type 'DefaultTheme'.
src/app/landing/sections/FeaturesSection.tsx(49,33): error TS2339: Property 'colors' does not exist on type 'DefaultTheme'.
src/app/landing/sections/FeaturesSection.tsx(54,33): error TS2339: Property 'colors' does not exist on type 'DefaultTheme'.
src/app/landing/sections/FeaturesSection.tsx(59,33): error TS2339: Property 'colors' does not exist on type 'DefaultTheme'.
src/app/landing/sections/FinalCtaSection.tsx(9,62): error TS2339: Property 'colors' does not exist on type 'DefaultTheme'.
src/app/landing/sections/FinalCtaSection.tsx(9,105): error TS2339: Property 'colors' does not exist on type 'DefaultTheme'.
src/app/landing/sections/FinalCtaSection.tsx(32,33): error TS2339: Property 'colors' does not exist on type 'DefaultTheme'.
src/app/landing/sections/FinalCtaSection.tsx(35,41): error TS2339: Property 'radii' does not exist on type 'DefaultTheme'.
src/app/landing/sections/HeroSection.tsx(29,33): error TS2339: Property 'colors' does not exist on type 'DefaultTheme'.
src/app/landing/sections/HeroSection.tsx(34,45): error TS2339: Property 'breakpoints' does not exist on type 'DefaultTheme'.
src/app/landing/sections/HeroSection.tsx(42,33): error TS2339: Property 'colors' does not exist on type 'DefaultTheme'.
src/app/landing/sections/HeroSection.tsx(45,45): error TS2339: Property 'breakpoints' does not exist on type 'DefaultTheme'.
src/app/landing/sections/HeroSection.tsx(55,44): error TS2339: Property 'colors' does not exist on type 'DefaultTheme'.
src/app/landing/sections/HeroSection.tsx(57,41): error TS2339: Property 'radii' does not exist on type 'DefaultTheme'.
src/app/landing/sections/HeroSection.tsx(100,21): error TS2769: No overload matches this call.
  Overload 1 of 2, '(props: PolymorphicComponentProps<"web", FastOmit<Omit<HTMLMotionProps<"h1">, "ref"> & RefAttributes<HTMLHeadingElement>, never>, void, void, {}, {}>): Element', gave the following error.
    Type '{ hidden: { y: number; opacity: number; }; visible: { y: number; opacity: number; transition: { duration: number; ease: string; }; }; }' is not assignable to type 'Variants'.
      Property 'visible' is incompatible with index signature.
        Type '{ y: number; opacity: number; transition: { duration: number; ease: string; }; }' is not assignable to type 'Variant'.
          Type '{ y: number; opacity: number; transition: { duration: number; ease: string; }; }' is not assignable to type 'TargetAndTransition'.
            Type '{ y: number; opacity: number; transition: { duration: number; ease: string; }; }' is not assignable to type '{ transition?: Transition<any> | undefined; transitionEnd?: ResolvedValues | undefined; }'.
              Types of property 'transition' are incompatible.
                Type '{ duration: number; ease: string; }' is not assignable to type 'Transition<any> | undefined'.
                  Type '{ duration: number; ease: string; }' is not assignable to type 'TransitionWithValueOverrides<any>'.
                    Type '{ duration: number; ease: string; }' is not assignable to type 'ValueAnimationTransition<any>'.
                      Types of property 'ease' are incompatible.
                        Type 'string' is not assignable to type 'Easing | Easing[] | undefined'.
  Overload 2 of 2, '(props: FastOmit<Omit<HTMLMotionProps<"h1">, "ref"> & RefAttributes<HTMLHeadingElement>, never>): ReactNode', gave the following error.
    Type '{ hidden: { y: number; opacity: number; }; visible: { y: number; opacity: number; transition: { duration: number; ease: string; }; }; }' is not assignable to type 'Variants'.
      Property 'visible' is incompatible with index signature.
        Type '{ y: number; opacity: number; transition: { duration: number; ease: string; }; }' is not assignable to type 'Variant'.
          Type '{ y: number; opacity: number; transition: { duration: number; ease: string; }; }' is not assignable to type 'TargetAndTransition'.
            Type '{ y: number; opacity: number; transition: { duration: number; ease: string; }; }' is not assignable to type '{ transition?: Transition<any> | undefined; transitionEnd?: ResolvedValues | undefined; }'.
              Types of property 'transition' are incompatible.
                Type '{ duration: number; ease: string; }' is not assignable to type 'Transition<any> | undefined'.
                  Type '{ duration: number; ease: string; }' is not assignable to type 'TransitionWithValueOverrides<any>'.
                    Type '{ duration: number; ease: string; }' is not assignable to type 'ValueAnimationTransition<any>'.
                      Types of property 'ease' are incompatible.
                        Type 'string' is not assignable to type 'Easing | Easing[] | undefined'.
src/app/landing/sections/HeroSection.tsx(105,24): error TS2769: No overload matches this call.
  Overload 1 of 2, '(props: PolymorphicComponentProps<"web", FastOmit<Omit<HTMLMotionProps<"p">, "ref"> & RefAttributes<HTMLParagraphElement>, never>, void, void, {}, {}>): Element', gave the following error.
    Type '{ hidden: { y: number; opacity: number; }; visible: { y: number; opacity: number; transition: { duration: number; ease: string; }; }; }' is not assignable to type 'Variants'.
      Property 'visible' is incompatible with index signature.
        Type '{ y: number; opacity: number; transition: { duration: number; ease: string; }; }' is not assignable to type 'Variant'.
          Type '{ y: number; opacity: number; transition: { duration: number; ease: string; }; }' is not assignable to type 'TargetAndTransition'.
            Type '{ y: number; opacity: number; transition: { duration: number; ease: string; }; }' is not assignable to type '{ transition?: Transition<any> | undefined; transitionEnd?: ResolvedValues | undefined; }'.
              Types of property 'transition' are incompatible.
                Type '{ duration: number; ease: string; }' is not assignable to type 'Transition<any> | undefined'.
                  Type '{ duration: number; ease: string; }' is not assignable to type 'TransitionWithValueOverrides<any>'.
                    Type '{ duration: number; ease: string; }' is not assignable to type 'ValueAnimationTransition<any>'.
                      Types of property 'ease' are incompatible.
                        Type 'string' is not assignable to type 'Easing | Easing[] | undefined'.
  Overload 2 of 2, '(props: FastOmit<Omit<HTMLMotionProps<"p">, "ref"> & RefAttributes<HTMLParagraphElement>, never>): ReactNode', gave the following error.
    Type '{ hidden: { y: number; opacity: number; }; visible: { y: number; opacity: number; transition: { duration: number; ease: string; }; }; }' is not assignable to type 'Variants'.
      Property 'visible' is incompatible with index signature.
        Type '{ y: number; opacity: number; transition: { duration: number; ease: string; }; }' is not assignable to type 'Variant'.
          Type '{ y: number; opacity: number; transition: { duration: number; ease: string; }; }' is not assignable to type 'TargetAndTransition'.
            Type '{ y: number; opacity: number; transition: { duration: number; ease: string; }; }' is not assignable to type '{ transition?: Transition<any> | undefined; transitionEnd?: ResolvedValues | undefined; }'.
              Types of property 'transition' are incompatible.
                Type '{ duration: number; ease: string; }' is not assignable to type 'Transition<any> | undefined'.
                  Type '{ duration: number; ease: string; }' is not assignable to type 'TransitionWithValueOverrides<any>'.
                    Type '{ duration: number; ease: string; }' is not assignable to type 'ValueAnimationTransition<any>'.
                      Types of property 'ease' are incompatible.
                        Type 'string' is not assignable to type 'Easing | Easing[] | undefined'.
src/app/landing/sections/HeroSection.tsx(109,13): error TS2769: No overload matches this call.
  Overload 1 of 2, '(props: PolymorphicComponentProps<"web", FastOmit<Omit<HTMLMotionProps<"button">, "ref"> & RefAttributes<HTMLButtonElement>, never>, void, void, {}, {}>): Element', gave the following error.
    Type '{ hidden: { y: number; opacity: number; }; visible: { y: number; opacity: number; transition: { duration: number; ease: string; }; }; }' is not assignable to type 'Variants'.
      Property 'visible' is incompatible with index signature.
        Type '{ y: number; opacity: number; transition: { duration: number; ease: string; }; }' is not assignable to type 'Variant'.
          Type '{ y: number; opacity: number; transition: { duration: number; ease: string; }; }' is not assignable to type 'TargetAndTransition'.
            Type '{ y: number; opacity: number; transition: { duration: number; ease: string; }; }' is not assignable to type '{ transition?: Transition<any> | undefined; transitionEnd?: ResolvedValues | undefined; }'.
              Types of property 'transition' are incompatible.
                Type '{ duration: number; ease: string; }' is not assignable to type 'Transition<any> | undefined'.
                  Type '{ duration: number; ease: string; }' is not assignable to type 'TransitionWithValueOverrides<any>'.
                    Type '{ duration: number; ease: string; }' is not assignable to type 'ValueAnimationTransition<any>'.
                      Types of property 'ease' are incompatible.
                        Type 'string' is not assignable to type 'Easing | Easing[] | undefined'.
  Overload 2 of 2, '(props: FastOmit<Omit<HTMLMotionProps<"button">, "ref"> & RefAttributes<HTMLButtonElement>, never>): ReactNode', gave the following error.
    Type '{ hidden: { y: number; opacity: number; }; visible: { y: number; opacity: number; transition: { duration: number; ease: string; }; }; }' is not assignable to type 'Variants'.
      Property 'visible' is incompatible with index signature.
        Type '{ y: number; opacity: number; transition: { duration: number; ease: string; }; }' is not assignable to type 'Variant'.
          Type '{ y: number; opacity: number; transition: { duration: number; ease: string; }; }' is not assignable to type 'TargetAndTransition'.
            Type '{ y: number; opacity: number; transition: { duration: number; ease: string; }; }' is not assignable to type '{ transition?: Transition<any> | undefined; transitionEnd?: ResolvedValues | undefined; }'.
              Types of property 'transition' are incompatible.
                Type '{ duration: number; ease: string; }' is not assignable to type 'Transition<any> | undefined'.
                  Type '{ duration: number; ease: string; }' is not assignable to type 'TransitionWithValueOverrides<any>'.
                    Type '{ duration: number; ease: string; }' is not assignable to type 'ValueAnimationTransition<any>'.
                      Types of property 'ease' are incompatible.
                        Type 'string' is not assignable to type 'Easing | Easing[] | undefined'.
src/app/landing/sections/PricingSection.tsx(10,44): error TS2339: Property 'colors' does not exist on type 'DefaultTheme'.
src/app/landing/sections/PricingSection.tsx(12,45): error TS2339: Property 'breakpoints' does not exist on type 'DefaultTheme'.
src/app/landing/sections/PricingSection.tsx(21,33): error TS2339: Property 'colors' does not exist on type 'DefaultTheme'.
src/app/landing/sections/PricingSection.tsx(32,38): error TS2339: Property 'colors' does not exist on type 'DefaultTheme'.
src/app/landing/sections/PricingSection.tsx(37,44): error TS2339: Property 'colors' does not exist on type 'DefaultTheme'.
src/app/landing/sections/PricingSection.tsx(46,35): error TS2339: Property 'colors' does not exist on type 'DefaultTheme'.
src/app/landing/sections/PricingSection.tsx(54,57): error TS2339: Property 'colors' does not exist on type 'DefaultTheme'.
src/app/landing/sections/PricingSection.tsx(54,91): error TS2339: Property 'colors' does not exist on type 'DefaultTheme'.
src/app/landing/sections/PricingSection.tsx(73,63): error TS2339: Property 'colors' does not exist on type 'DefaultTheme'.
src/app/landing/sections/PricingSection.tsx(77,63): error TS2339: Property 'colors' does not exist on type 'DefaultTheme'.
src/app/landing/sections/PricingSection.tsx(96,63): error TS2339: Property 'colors' does not exist on type 'DefaultTheme'.
src/app/landing/sections/PricingSection.tsx(99,65): error TS2339: Property 'colors' does not exist on type 'DefaultTheme'.
src/app/landing/sections/PricingSection.tsx(108,41): error TS2339: Property 'radii' does not exist on type 'DefaultTheme'.
src/app/landing/sections/PricingSection.tsx(115,43): error TS2339: Property 'colors' does not exist on type 'DefaultTheme'.
src/app/landing/sections/PricingSection.tsx(122,32): error TS2339: Property 'colors' does not exist on type 'DefaultTheme'.
src/app/landing/sections/PricingSection.tsx(127,32): error TS2339: Property 'colors' does not exist on type 'DefaultTheme'.
src/app/landing/sections/PricingSection.tsx(128,43): error TS2339: Property 'colors' does not exist on type 'DefaultTheme'.
src/app/landing/sections/ProblemSection.tsx(9,44): error TS2339: Property 'colors' does not exist on type 'DefaultTheme'.
src/app/landing/sections/ProblemSection.tsx(11,45): error TS2339: Property 'breakpoints' does not exist on type 'DefaultTheme'.
src/app/landing/sections/ProblemSection.tsx(20,33): error TS2339: Property 'colors' does not exist on type 'DefaultTheme'.
src/app/landing/sections/ProblemSection.tsx(30,38): error TS2339: Property 'colors' does not exist on type 'DefaultTheme'.
src/app/landing/sections/ProblemSection.tsx(32,41): error TS2339: Property 'radii' does not exist on type 'DefaultTheme'.
src/app/landing/sections/ProblemSection.tsx(35,44): error TS2339: Property 'colors' does not exist on type 'DefaultTheme'.
src/app/landing/sections/ProblemSection.tsx(40,33): error TS2339: Property 'colors' does not exist on type 'DefaultTheme'.
src/app/landing/sections/ProblemSection.tsx(47,33): error TS2339: Property 'colors' does not exist on type 'DefaultTheme'.
src/app/landing/sections/ProblemSection.tsx(52,33): error TS2339: Property 'colors' does not exist on type 'DefaultTheme'.
src/app/landing/sections/ProblemSection.tsx(102,15): error TS2769: No overload matches this call.
  Overload 1 of 2, '(props: PolymorphicComponentProps<"web", FastOmit<Omit<HTMLMotionProps<"div">, "ref"> & RefAttributes<HTMLDivElement>, never>, void, void, {}, {}>): Element', gave the following error.
    Type '{ offscreen: { y: number; opacity: number; }; onscreen: { y: number; opacity: number; transition: { type: string; bounce: number; duration: number; }; }; }' is not assignable to type 'Variants'.
      Property 'onscreen' is incompatible with index signature.
        Type '{ y: number; opacity: number; transition: { type: string; bounce: number; duration: number; }; }' is not assignable to type 'Variant'.
          Type '{ y: number; opacity: number; transition: { type: string; bounce: number; duration: number; }; }' is not assignable to type 'TargetAndTransition'.
            Type '{ y: number; opacity: number; transition: { type: string; bounce: number; duration: number; }; }' is not assignable to type '{ transition?: Transition<any> | undefined; transitionEnd?: ResolvedValues | undefined; }'.
              Types of property 'transition' are incompatible.
                Type '{ type: string; bounce: number; duration: number; }' is not assignable to type 'Transition<any> | undefined'.
                  Type '{ type: string; bounce: number; duration: number; }' is not assignable to type 'TransitionWithValueOverrides<any>'.
                    Type '{ type: string; bounce: number; duration: number; }' is not assignable to type 'ValueAnimationTransition<any>'.
                      Types of property 'type' are incompatible.
                        Type 'string' is not assignable to type 'AnimationGeneratorType | undefined'.
  Overload 2 of 2, '(props: FastOmit<Omit<HTMLMotionProps<"div">, "ref"> & RefAttributes<HTMLDivElement>, never>): ReactNode', gave the following error.
    Type '{ offscreen: { y: number; opacity: number; }; onscreen: { y: number; opacity: number; transition: { type: string; bounce: number; duration: number; }; }; }' is not assignable to type 'Variants'.
      Property 'onscreen' is incompatible with index signature.
        Type '{ y: number; opacity: number; transition: { type: string; bounce: number; duration: number; }; }' is not assignable to type 'Variant'.
          Type '{ y: number; opacity: number; transition: { type: string; bounce: number; duration: number; }; }' is not assignable to type 'TargetAndTransition'.
            Type '{ y: number; opacity: number; transition: { type: string; bounce: number; duration: number; }; }' is not assignable to type '{ transition?: Transition<any> | undefined; transitionEnd?: ResolvedValues | undefined; }'.
              Types of property 'transition' are incompatible.
                Type '{ type: string; bounce: number; duration: number; }' is not assignable to type 'Transition<any> | undefined'.
                  Type '{ type: string; bounce: number; duration: number; }' is not assignable to type 'TransitionWithValueOverrides<any>'.
                    Type '{ type: string; bounce: number; duration: number; }' is not assignable to type 'ValueAnimationTransition<any>'.
                      Types of property 'type' are incompatible.
                        Type 'string' is not assignable to type 'AnimationGeneratorType | undefined'.
src/app/landing/sections/SocialProofSection.tsx(13,44): error TS2339: Property 'colors' does not exist on type 'DefaultTheme'.
src/app/landing/sections/SocialProofSection.tsx(15,45): error TS2339: Property 'breakpoints' does not exist on type 'DefaultTheme'.
src/app/landing/sections/SocialProofSection.tsx(24,33): error TS2339: Property 'colors' does not exist on type 'DefaultTheme'.
src/app/landing/sections/SocialProofSection.tsx(28,38): error TS2339: Property 'colors' does not exist on type 'DefaultTheme'.
src/app/landing/sections/SocialProofSection.tsx(30,41): error TS2339: Property 'radii' does not exist on type 'DefaultTheme'.
src/app/landing/sections/SocialProofSection.tsx(38,44): error TS2339: Property 'colors' does not exist on type 'DefaultTheme'.
src/app/landing/sections/SocialProofSection.tsx(55,33): error TS2339: Property 'colors' does not exist on type 'DefaultTheme'.
src/app/landing/sections/SocialProofSection.tsx(60,33): error TS2339: Property 'colors' does not exist on type 'DefaultTheme'.
src/app/landing/sections/SocialProofSection.tsx(65,46): error TS2339: Property 'colors' does not exist on type 'DefaultTheme'.
src/app/landing/sections/SolutionSection.tsx(9,44): error TS2339: Property 'colors' does not exist on type 'DefaultTheme'.
src/app/landing/sections/SolutionSection.tsx(11,45): error TS2339: Property 'breakpoints' does not exist on type 'DefaultTheme'.
src/app/landing/sections/SolutionSection.tsx(22,45): error TS2339: Property 'breakpoints' does not exist on type 'DefaultTheme'.
src/app/landing/sections/SolutionSection.tsx(37,33): error TS2339: Property 'colors' does not exist on type 'DefaultTheme'.
src/app/landing/sections/SolutionSection.tsx(42,33): error TS2339: Property 'colors' does not exist on type 'DefaultTheme'.
src/app/landing/sections/SolutionSection.tsx(52,41): error TS2339: Property 'radii' does not exist on type 'DefaultTheme'.
src/app/landing/sections/SolutionSection.tsx(102,13): error TS2769: No overload matches this call.
  Overload 1 of 2, '(props: PolymorphicComponentProps<"web", FastOmit<Omit<HTMLMotionProps<"div">, "ref"> & RefAttributes<HTMLDivElement>, never>, void, void, {}, {}>): Element', gave the following error.
    Type '{ offscreen: { x: number; opacity: number; }; onscreen: { x: number; opacity: number; transition: { type: string; bounce: number; duration: number; }; }; }' is not assignable to type 'Variants'.
      Property 'onscreen' is incompatible with index signature.
        Type '{ x: number; opacity: number; transition: { type: string; bounce: number; duration: number; }; }' is not assignable to type 'Variant'.
          Type '{ x: number; opacity: number; transition: { type: string; bounce: number; duration: number; }; }' is not assignable to type 'TargetAndTransition'.
            Type '{ x: number; opacity: number; transition: { type: string; bounce: number; duration: number; }; }' is not assignable to type '{ transition?: Transition<any> | undefined; transitionEnd?: ResolvedValues | undefined; }'.
              Types of property 'transition' are incompatible.
                Type '{ type: string; bounce: number; duration: number; }' is not assignable to type 'Transition<any> | undefined'.
                  Type '{ type: string; bounce: number; duration: number; }' is not assignable to type 'TransitionWithValueOverrides<any>'.
                    Type '{ type: string; bounce: number; duration: number; }' is not assignable to type 'ValueAnimationTransition<any>'.
                      Types of property 'type' are incompatible.
                        Type 'string' is not assignable to type 'AnimationGeneratorType | undefined'.
  Overload 2 of 2, '(props: FastOmit<Omit<HTMLMotionProps<"div">, "ref"> & RefAttributes<HTMLDivElement>, never>): ReactNode', gave the following error.
    Type '{ offscreen: { x: number; opacity: number; }; onscreen: { x: number; opacity: number; transition: { type: string; bounce: number; duration: number; }; }; }' is not assignable to type 'Variants'.
      Property 'onscreen' is incompatible with index signature.
        Type '{ x: number; opacity: number; transition: { type: string; bounce: number; duration: number; }; }' is not assignable to type 'Variant'.
          Type '{ x: number; opacity: number; transition: { type: string; bounce: number; duration: number; }; }' is not assignable to type 'TargetAndTransition'.
            Type '{ x: number; opacity: number; transition: { type: string; bounce: number; duration: number; }; }' is not assignable to type '{ transition?: Transition<any> | undefined; transitionEnd?: ResolvedValues | undefined; }'.
              Types of property 'transition' are incompatible.
                Type '{ type: string; bounce: number; duration: number; }' is not assignable to type 'Transition<any> | undefined'.
                  Type '{ type: string; bounce: number; duration: number; }' is not assignable to type 'TransitionWithValueOverrides<any>'.
                    Type '{ type: string; bounce: number; duration: number; }' is not assignable to type 'ValueAnimationTransition<any>'.
                      Types of property 'type' are incompatible.
                        Type 'string' is not assignable to type 'AnimationGeneratorType | undefined'.
src/app/landing/sections/SolutionSection.tsx(113,13): error TS2769: No overload matches this call.
  Overload 1 of 2, '(props: PolymorphicComponentProps<"web", FastOmit<Omit<HTMLMotionProps<"div">, "ref"> & RefAttributes<HTMLDivElement>, never>, void, void, {}, {}>): Element', gave the following error.
    Type '{ offscreen: { x: number; opacity: number; }; onscreen: { x: number; opacity: number; transition: { type: string; bounce: number; duration: number; }; }; }' is not assignable to type 'Variants'.
      Property 'onscreen' is incompatible with index signature.
        Type '{ x: number; opacity: number; transition: { type: string; bounce: number; duration: number; }; }' is not assignable to type 'Variant'.
          Type '{ x: number; opacity: number; transition: { type: string; bounce: number; duration: number; }; }' is not assignable to type 'TargetAndTransition'.
            Type '{ x: number; opacity: number; transition: { type: string; bounce: number; duration: number; }; }' is not assignable to type '{ transition?: Transition<any> | undefined; transitionEnd?: ResolvedValues | undefined; }'.
              Types of property 'transition' are incompatible.
                Type '{ type: string; bounce: number; duration: number; }' is not assignable to type 'Transition<any> | undefined'.
                  Type '{ type: string; bounce: number; duration: number; }' is not assignable to type 'TransitionWithValueOverrides<any>'.
                    Type '{ type: string; bounce: number; duration: number; }' is not assignable to type 'ValueAnimationTransition<any>'.
                      Types of property 'type' are incompatible.
                        Type 'string' is not assignable to type 'AnimationGeneratorType | undefined'.
  Overload 2 of 2, '(props: FastOmit<Omit<HTMLMotionProps<"div">, "ref"> & RefAttributes<HTMLDivElement>, never>): ReactNode', gave the following error.
    Type '{ offscreen: { x: number; opacity: number; }; onscreen: { x: number; opacity: number; transition: { type: string; bounce: number; duration: number; }; }; }' is not assignable to type 'Variants'.
      Property 'onscreen' is incompatible with index signature.
        Type '{ x: number; opacity: number; transition: { type: string; bounce: number; duration: number; }; }' is not assignable to type 'Variant'.
          Type '{ x: number; opacity: number; transition: { type: string; bounce: number; duration: number; }; }' is not assignable to type 'TargetAndTransition'.
            Type '{ x: number; opacity: number; transition: { type: string; bounce: number; duration: number; }; }' is not assignable to type '{ transition?: Transition<any> | undefined; transitionEnd?: ResolvedValues | undefined; }'.
              Types of property 'transition' are incompatible.
                Type '{ type: string; bounce: number; duration: number; }' is not assignable to type 'Transition<any> | undefined'.
                  Type '{ type: string; bounce: number; duration: number; }' is not assignable to type 'TransitionWithValueOverrides<any>'.
                    Type '{ type: string; bounce: number; duration: number; }' is not assignable to type 'ValueAnimationTransition<any>'.
                      Types of property 'type' are incompatible.
                        Type 'string' is not assignable to type 'AnimationGeneratorType | undefined'.
src/app/my-reports/page.tsx(49,8): error TS2307: Cannot find module '@/components/ui/alert-dialog' or its corresponding type declarations.
src/app/page.tsx(89,17): error TS2345: Argument of type '(prevData: ReportData) => { reportType: string; userName: string; date: string; projects: Project[]; miscTasks: TaskItem[]; }' is not assignable to parameter of type 'SetStateAction<ReportData>'.
  Type '(prevData: ReportData) => { reportType: string; userName: string; date: string; projects: Project[]; miscTasks: TaskItem[]; }' is not assignable to type '(prevState: ReportData) => ReportData'.
    Call signature return types '{ reportType: string; userName: string; date: string; projects: Project[]; miscTasks: TaskItem[]; }' and 'ReportData' are incompatible.
      The types of 'reportType' are incompatible between these types.
        Type 'string' is not assignable to type '"morning" | "evening" | "weekly"'.
src/components/ai-pm/__tests__/AIChatPanel.test.tsx(32,9): error TS2322: Type '{ projectId: string; workflowStep: number; }' is not assignable to type 'IntrinsicAttributes'.
  Property 'projectId' does not exist on type 'IntrinsicAttributes'.
src/components/ai-pm/__tests__/AIChatPanel.test.tsx(43,9): error TS2322: Type '{ projectId: string; workflowStep: number; }' is not assignable to type 'IntrinsicAttributes'.
  Property 'projectId' does not exist on type 'IntrinsicAttributes'.
src/components/ai-pm/__tests__/AIChatPanel.test.tsx(55,9): error TS2322: Type '{ projectId: string; workflowStep: number; }' is not assignable to type 'IntrinsicAttributes'.
  Property 'projectId' does not exist on type 'IntrinsicAttributes'.
src/components/ai-pm/__tests__/AIChatPanel.test.tsx(72,9): error TS2322: Type '{ projectId: string; workflowStep: number; }' is not assignable to type 'IntrinsicAttributes'.
  Property 'projectId' does not exist on type 'IntrinsicAttributes'.
src/components/ai-pm/__tests__/AIChatPanel.test.tsx(86,9): error TS2322: Type '{ projectId: string; workflowStep: number; }' is not assignable to type 'IntrinsicAttributes'.
  Property 'projectId' does not exist on type 'IntrinsicAttributes'.
src/components/ai-pm/__tests__/ConversationHistoryPanel.test.tsx(89,7): error TS2739: Type '{ id: string; email: string; }' is missing the following properties from type 'User': app_metadata, user_metadata, aud, created_at
src/components/ai-pm/__tests__/ConversationHistoryPanel.test.tsx(94,34): error TS2345: Argument of type '{ success: jest.Mock<any, any, any>; error: jest.Mock<any, any, any>; info: jest.Mock<any, any, any>; warning: jest.Mock<any, any, any>; }' is not assignable to parameter of type 'ToastContextType'.
  Type '{ success: Mock<any, any, any>; error: Mock<any, any, any>; info: Mock<any, any, any>; warning: Mock<any, any, any>; }' is missing the following properties from type 'ToastContextType': toasts, addToast, removeToast, clearAllToasts, and 3 more.
src/components/ai-pm/__tests__/ConversationHistoryPanel.test.tsx(114,13): error TS2739: Type '{ projectId: string; currentStep: WorkflowStep; className: string; }' is missing the following properties from type 'ConversationHistoryPanelProps': conversations, currentConversationId, onSelectConversation, onDeleteConversation, onNewConversation
src/components/ai-pm/__tests__/ConversationHistoryPanel.test.tsx(129,13): error TS2739: Type '{ projectId: string; currentStep: WorkflowStep; className: string; }' is missing the following properties from type 'ConversationHistoryPanelProps': conversations, currentConversationId, onSelectConversation, onDeleteConversation, onNewConversation
src/components/ai-pm/__tests__/ConversationHistoryPanel.test.tsx(149,13): error TS2739: Type '{ projectId: string; currentStep: WorkflowStep; className: string; }' is missing the following properties from type 'ConversationHistoryPanelProps': conversations, currentConversationId, onSelectConversation, onDeleteConversation, onNewConversation
src/components/ai-pm/__tests__/ConversationHistoryPanel.test.tsx(165,13): error TS2739: Type '{ projectId: string; currentStep: WorkflowStep; className: string; }' is missing the following properties from type 'ConversationHistoryPanelProps': conversations, currentConversationId, onSelectConversation, onDeleteConversation, onNewConversation
src/components/ai-pm/__tests__/ConversationHistoryPanel.test.tsx(189,13): error TS2739: Type '{ projectId: string; currentStep: WorkflowStep; className: string; }' is missing the following properties from type 'ConversationHistoryPanelProps': conversations, currentConversationId, onSelectConversation, onDeleteConversation, onNewConversation
src/components/ai-pm/__tests__/ConversationHistoryPanel.test.tsx(220,13): error TS2739: Type '{ projectId: string; currentStep: WorkflowStep; className: string; }' is missing the following properties from type 'ConversationHistoryPanelProps': conversations, currentConversationId, onSelectConversation, onDeleteConversation, onNewConversation
src/components/ai-pm/__tests__/ConversationHistoryPanel.test.tsx(244,13): error TS2739: Type '{ projectId: string; currentStep: WorkflowStep; className: string; }' is missing the following properties from type 'ConversationHistoryPanelProps': conversations, currentConversationId, onSelectConversation, onDeleteConversation, onNewConversation
src/components/ai-pm/__tests__/ConversationHistoryPanel.test.tsx(289,13): error TS2739: Type '{ projectId: string; currentStep: WorkflowStep; className: string; }' is missing the following properties from type 'ConversationHistoryPanelProps': conversations, currentConversationId, onSelectConversation, onDeleteConversation, onNewConversation
src/components/ai-pm/__tests__/ConversationHistoryPanel.test.tsx(337,13): error TS2739: Type '{ projectId: string; currentStep: WorkflowStep; className: string; }' is missing the following properties from type 'ConversationHistoryPanelProps': conversations, currentConversationId, onSelectConversation, onDeleteConversation, onNewConversation
src/components/ai-pm/__tests__/ConversationHistoryPanel.test.tsx(373,13): error TS2739: Type '{ projectId: string; currentStep: WorkflowStep; className: string; }' is missing the following properties from type 'ConversationHistoryPanelProps': conversations, currentConversationId, onSelectConversation, onDeleteConversation, onNewConversation
src/components/ai-pm/__tests__/ConversationHistoryPanel.test.tsx(406,13): error TS2739: Type '{ projectId: string; currentStep: WorkflowStep; className: string; }' is missing the following properties from type 'ConversationHistoryPanelProps': conversations, currentConversationId, onSelectConversation, onDeleteConversation, onNewConversation
src/components/ai-pm/__tests__/CreateProjectModal.test.tsx(42,50): error TS2322: Type '{ isOpen: boolean; onClose: Mock<any, any, any>; onSuccess: Mock<any, any, any>; }' is not assignable to type 'IntrinsicAttributes & CreateProjectModalProps'.
  Property 'isOpen' does not exist on type 'IntrinsicAttributes & CreateProjectModalProps'.
src/components/ai-pm/__tests__/CreateProjectModal.test.tsx(233,52): error TS2322: Type '{ isOpen: boolean; onClose: Mock<any, any, any>; onSuccess: Mock<any, any, any>; }' is not assignable to type 'IntrinsicAttributes & CreateProjectModalProps'.
  Property 'isOpen' does not exist on type 'IntrinsicAttributes & CreateProjectModalProps'.
src/components/ai-pm/__tests__/CreateProjectModal.test.tsx(236,52): error TS2322: Type '{ isOpen: boolean; onClose: Mock<any, any, any>; onSuccess: Mock<any, any, any>; }' is not assignable to type 'IntrinsicAttributes & CreateProjectModalProps'.
  Property 'isOpen' does not exist on type 'IntrinsicAttributes & CreateProjectModalProps'.
src/components/ai-pm/__tests__/DocumentEditor.test.tsx(85,13): error TS2739: Type '{ projectId: string; workflowStep: 1; isReadOnly: boolean; }' is missing the following properties from type 'DocumentEditorProps': document, onSave, onStatusChange, onDelete
src/components/ai-pm/__tests__/DocumentEditor.test.tsx(98,13): error TS2739: Type '{ projectId: string; workflowStep: 1; isReadOnly: boolean; }' is missing the following properties from type 'DocumentEditorProps': document, onSave, onStatusChange, onDelete
src/components/ai-pm/__tests__/DocumentEditor.test.tsx(110,13): error TS2739: Type '{ projectId: string; workflowStep: 1; isReadOnly: boolean; }' is missing the following properties from type 'DocumentEditorProps': document, onSave, onStatusChange, onDelete
src/components/ai-pm/__tests__/DocumentEditor.test.tsx(117,13): error TS2739: Type '{ projectId: string; workflowStep: 1; isReadOnly: boolean; }' is missing the following properties from type 'DocumentEditorProps': document, onSave, onStatusChange, onDelete
src/components/ai-pm/__tests__/DocumentEditor.test.tsx(128,13): error TS2739: Type '{ projectId: string; workflowStep: 1; isReadOnly: boolean; }' is missing the following properties from type 'DocumentEditorProps': document, onSave, onStatusChange, onDelete
src/components/ai-pm/__tests__/DocumentEditor.test.tsx(141,13): error TS2739: Type '{ projectId: string; workflowStep: 1; isReadOnly: boolean; }' is missing the following properties from type 'DocumentEditorProps': document, onSave, onStatusChange, onDelete
src/components/ai-pm/__tests__/DocumentEditor.test.tsx(150,13): error TS2739: Type '{ isReadOnly: true; projectId: string; workflowStep: 1; }' is missing the following properties from type 'DocumentEditorProps': document, onSave, onStatusChange, onDelete
src/components/ai-pm/__tests__/DocumentEditor.test.tsx(163,13): error TS2739: Type '{ projectId: string; workflowStep: 1; isReadOnly: boolean; }' is missing the following properties from type 'DocumentEditorProps': document, onSave, onStatusChange, onDelete
src/components/ai-pm/__tests__/DocumentEditor.test.tsx(175,13): error TS2739: Type '{ projectId: string; workflowStep: 1; isReadOnly: boolean; }' is missing the following properties from type 'DocumentEditorProps': document, onSave, onStatusChange, onDelete
src/components/ai-pm/__tests__/DocumentEditor.test.tsx(182,13): error TS2739: Type '{ projectId: string; workflowStep: 1; isReadOnly: boolean; }' is missing the following properties from type 'DocumentEditorProps': document, onSave, onStatusChange, onDelete
src/components/ai-pm/__tests__/DocumentEditor.test.tsx(197,13): error TS2739: Type '{ projectId: string; workflowStep: 1; isReadOnly: boolean; }' is missing the following properties from type 'DocumentEditorProps': document, onSave, onStatusChange, onDelete
src/components/ai-pm/__tests__/DocumentEditor.test.tsx(212,13): error TS2739: Type '{ projectId: string; workflowStep: 1; isReadOnly: boolean; }' is missing the following properties from type 'DocumentEditorProps': document, onSave, onStatusChange, onDelete
src/components/ai-pm/__tests__/DocumentEditor.test.tsx(225,13): error TS2739: Type '{ projectId: string; workflowStep: 1; isReadOnly: boolean; }' is missing the following properties from type 'DocumentEditorProps': document, onSave, onStatusChange, onDelete
src/components/ai-pm/__tests__/DocumentEditor.test.tsx(232,13): error TS2739: Type '{ projectId: string; workflowStep: 1; isReadOnly: boolean; }' is missing the following properties from type 'DocumentEditorProps': document, onSave, onStatusChange, onDelete
src/components/ai-pm/__tests__/DocumentEditor.test.tsx(242,13): error TS2739: Type '{ projectId: string; workflowStep: 1; isReadOnly: boolean; }' is missing the following properties from type 'DocumentEditorProps': document, onSave, onStatusChange, onDelete
src/components/ai-pm/__tests__/DocumentEditor.test.tsx(249,13): error TS2739: Type '{ projectId: string; workflowStep: 1; isReadOnly: boolean; }' is missing the following properties from type 'DocumentEditorProps': document, onSave, onStatusChange, onDelete
src/components/ai-pm/__tests__/MobileWorkflowProgress.test.tsx(35,13): error TS2322: Type '{ currentStep: 3; completedSteps: readonly [1, 2]; }' is not assignable to type 'MobileWorkflowProgressProps'.
  Types of property 'completedSteps' are incompatible.
    The type 'readonly [1, 2]' is 'readonly' and cannot be assigned to the mutable type 'WorkflowStep[]'.
src/components/ai-pm/__tests__/MobileWorkflowProgress.test.tsx(42,13): error TS2322: Type '{ showPercentage: true; currentStep: 3; completedSteps: readonly [1, 2]; }' is not assignable to type 'MobileWorkflowProgressProps'.
  Types of property 'completedSteps' are incompatible.
    The type 'readonly [1, 2]' is 'readonly' and cannot be assigned to the mutable type 'WorkflowStep[]'.
src/components/ai-pm/__tests__/MobileWorkflowProgress.test.tsx(50,13): error TS2322: Type '{ variant: "detailed"; currentStep: 3; completedSteps: readonly [1, 2]; }' is not assignable to type 'MobileWorkflowProgressProps'.
  Types of property 'completedSteps' are incompatible.
    The type 'readonly [1, 2]' is 'readonly' and cannot be assigned to the mutable type 'WorkflowStep[]'.
src/components/ai-pm/__tests__/MobileWorkflowProgress.test.tsx(57,13): error TS2322: Type '{ variant: "circular"; currentStep: 3; completedSteps: readonly [1, 2]; }' is not assignable to type 'MobileWorkflowProgressProps'.
  Types of property 'completedSteps' are incompatible.
    The type 'readonly [1, 2]' is 'readonly' and cannot be assigned to the mutable type 'WorkflowStep[]'.
src/components/ai-pm/__tests__/MobileWorkflowProgress.test.tsx(65,13): error TS2322: Type '{ variant: "compact"; currentStep: 3; completedSteps: readonly [1, 2]; }' is not assignable to type 'MobileWorkflowProgressProps'.
  Types of property 'completedSteps' are incompatible.
    The type 'readonly [1, 2]' is 'readonly' and cannot be assigned to the mutable type 'WorkflowStep[]'.
src/components/ai-pm/__tests__/ProjectCard.test.tsx(26,13): error TS2322: Type '{ project: { id: string; name: string; description: string; creatorId: string; creator: { id: string; email: string; name: string; isAdmin: boolean; createdAt: string; updatedAt: string; }; status: string; createdAt: string; updatedAt: string; }; isAdmin: boolean; }' is not assignable to type 'ProjectCardProps'.
  Types of property 'project' are incompatible.
    Type '{ id: string; name: string; description: string; creatorId: string; creator: { id: string; email: string; name: string; isAdmin: boolean; createdAt: string; updatedAt: string; }; status: string; createdAt: string; updatedAt: string; }' is missing the following properties from type 'ProjectWithCreator': creator_email, creator_name, member_count, official_documents_count, and 3 more.
src/components/ai-pm/__tests__/ProjectCard.test.tsx(34,13): error TS2322: Type '{ project: { id: string; name: string; description: string; creatorId: string; creator: { id: string; email: string; name: string; isAdmin: boolean; createdAt: string; updatedAt: string; }; status: string; createdAt: string; updatedAt: string; }; isAdmin: boolean; }' is not assignable to type 'ProjectCardProps'.
  Types of property 'project' are incompatible.
    Type '{ id: string; name: string; description: string; creatorId: string; creator: { id: string; email: string; name: string; isAdmin: boolean; createdAt: string; updatedAt: string; }; status: string; createdAt: string; updatedAt: string; }' is missing the following properties from type 'ProjectWithCreator': creator_email, creator_name, member_count, official_documents_count, and 3 more.
src/components/ai-pm/__tests__/ProjectCard.test.tsx(42,13): error TS2322: Type '{ project: { id: string; name: string; description: string; creatorId: string; creator: { id: string; email: string; name: string; isAdmin: boolean; createdAt: string; updatedAt: string; }; status: string; createdAt: string; updatedAt: string; }; isAdmin: boolean; }' is not assignable to type 'ProjectCardProps'.
  Types of property 'project' are incompatible.
    Type '{ id: string; name: string; description: string; creatorId: string; creator: { id: string; email: string; name: string; isAdmin: boolean; createdAt: string; updatedAt: string; }; status: string; createdAt: string; updatedAt: string; }' is missing the following properties from type 'ProjectWithCreator': creator_email, creator_name, member_count, official_documents_count, and 3 more.
src/components/ai-pm/__tests__/ProjectCard.test.tsx(49,13): error TS2322: Type '{ isAdmin: false; project: { id: string; name: string; description: string; creatorId: string; creator: { id: string; email: string; name: string; isAdmin: boolean; createdAt: string; updatedAt: string; }; status: string; createdAt: string; updatedAt: string; }; }' is not assignable to type 'ProjectCardProps'.
  Types of property 'project' are incompatible.
    Type '{ id: string; name: string; description: string; creatorId: string; creator: { id: string; email: string; name: string; isAdmin: boolean; createdAt: string; updatedAt: string; }; status: string; createdAt: string; updatedAt: string; }' is missing the following properties from type 'ProjectWithCreator': creator_email, creator_name, member_count, official_documents_count, and 3 more.
src/components/ai-pm/__tests__/ProjectCard.test.tsx(56,13): error TS2322: Type '{ project: { id: string; name: string; description: string; creatorId: string; creator: { id: string; email: string; name: string; isAdmin: boolean; createdAt: string; updatedAt: string; }; status: string; createdAt: string; updatedAt: string; }; isAdmin: boolean; }' is not assignable to type 'ProjectCardProps'.
  Types of property 'project' are incompatible.
    Type '{ id: string; name: string; description: string; creatorId: string; creator: { id: string; email: string; name: string; isAdmin: boolean; createdAt: string; updatedAt: string; }; status: string; createdAt: string; updatedAt: string; }' is missing the following properties from type 'ProjectWithCreator': creator_email, creator_name, member_count, official_documents_count, and 3 more.
src/components/ai-pm/__tests__/ProjectCard.test.tsx(63,13): error TS2322: Type '{ project: { id: string; name: string; description: string; creatorId: string; creator: { id: string; email: string; name: string; isAdmin: boolean; createdAt: string; updatedAt: string; }; status: string; createdAt: string; updatedAt: string; }; isAdmin: boolean; }' is not assignable to type 'ProjectCardProps'.
  Types of property 'project' are incompatible.
    Type '{ id: string; name: string; description: string; creatorId: string; creator: { id: string; email: string; name: string; isAdmin: boolean; createdAt: string; updatedAt: string; }; status: string; createdAt: string; updatedAt: string; }' is missing the following properties from type 'ProjectWithCreator': creator_email, creator_name, member_count, official_documents_count, and 3 more.
src/components/ai-pm/__tests__/ProjectCard.test.tsx(69,13): error TS2322: Type '{ project: { id: string; name: string; description: string; creatorId: string; creator: { id: string; email: string; name: string; isAdmin: boolean; createdAt: string; updatedAt: string; }; status: string; createdAt: string; updatedAt: string; }; isAdmin: boolean; }' is not assignable to type 'ProjectCardProps'.
  Types of property 'project' are incompatible.
    Type '{ id: string; name: string; description: string; creatorId: string; creator: { id: string; email: string; name: string; isAdmin: boolean; createdAt: string; updatedAt: string; }; status: string; createdAt: string; updatedAt: string; }' is missing the following properties from type 'ProjectWithCreator': creator_email, creator_name, member_count, official_documents_count, and 3 more.
src/components/ai-pm/__tests__/ProjectCard.test.tsx(89,13): error TS2322: Type '{ project: { id: string; name: string; description: string; creatorId: string; creator: { id: string; email: string; name: string; isAdmin: boolean; createdAt: string; updatedAt: string; }; status: string; createdAt: string; updatedAt: string; }; isAdmin: boolean; }' is not assignable to type 'ProjectCardProps'.
  Types of property 'project' are incompatible.
    Type '{ id: string; name: string; description: string; creatorId: string; creator: { id: string; email: string; name: string; isAdmin: boolean; createdAt: string; updatedAt: string; }; status: string; createdAt: string; updatedAt: string; }' is missing the following properties from type 'ProjectWithCreator': creator_email, creator_name, member_count, official_documents_count, and 3 more.
src/components/ai-pm/__tests__/ProjectCard.test.tsx(102,43): error TS2740: Type '{ status: string; id: string; name: string; description: string; creatorId: string; creator: { id: string; email: string; name: string; isAdmin: boolean; createdAt: string; updatedAt: string; }; createdAt: string; updatedAt: string; }' is missing the following properties from type 'ProjectWithCreator': creator_email, creator_name, member_count, official_documents_count, and 3 more.
src/components/ai-pm/__tests__/ProjectCard.test.tsx(112,43): error TS2740: Type '{ description: null; id: string; name: string; creatorId: string; creator: { id: string; email: string; name: string; isAdmin: boolean; createdAt: string; updatedAt: string; }; status: string; createdAt: string; updatedAt: string; }' is missing the following properties from type 'ProjectWithCreator': creator_email, creator_name, member_count, official_documents_count, and 3 more.
src/components/ai-pm/__tests__/ProjectCard.test.tsx(120,43): error TS2740: Type '{ creator: null; id: string; name: string; description: string; creatorId: string; status: string; createdAt: string; updatedAt: string; }' is missing the following properties from type 'ProjectWithCreator': creator_email, creator_name, member_count, official_documents_count, and 3 more.
src/components/ai-pm/__tests__/ProjectCard.test.tsx(126,13): error TS2322: Type '{ project: { id: string; name: string; description: string; creatorId: string; creator: { id: string; email: string; name: string; isAdmin: boolean; createdAt: string; updatedAt: string; }; status: string; createdAt: string; updatedAt: string; }; isAdmin: boolean; }' is not assignable to type 'ProjectCardProps'.
  Types of property 'project' are incompatible.
    Type '{ id: string; name: string; description: string; creatorId: string; creator: { id: string; email: string; name: string; isAdmin: boolean; createdAt: string; updatedAt: string; }; status: string; createdAt: string; updatedAt: string; }' is missing the following properties from type 'ProjectWithCreator': creator_email, creator_name, member_count, official_documents_count, and 3 more.
src/components/ai-pm/__tests__/ProjectCard.test.tsx(135,13): error TS2322: Type '{ project: { id: string; name: string; description: string; creatorId: string; creator: { id: string; email: string; name: string; isAdmin: boolean; createdAt: string; updatedAt: string; }; status: string; createdAt: string; updatedAt: string; }; isAdmin: boolean; }' is not assignable to type 'ProjectCardProps'.
  Types of property 'project' are incompatible.
    Type '{ id: string; name: string; description: string; creatorId: string; creator: { id: string; email: string; name: string; isAdmin: boolean; createdAt: string; updatedAt: string; }; status: string; createdAt: string; updatedAt: string; }' is missing the following properties from type 'ProjectWithCreator': creator_email, creator_name, member_count, official_documents_count, and 3 more.
src/components/ai-pm/__tests__/ProjectCard.test.tsx(148,13): error TS2322: Type '{ project: { id: string; name: string; description: string; creatorId: string; creator: { id: string; email: string; name: string; isAdmin: boolean; createdAt: string; updatedAt: string; }; status: string; createdAt: string; updatedAt: string; }; isAdmin: boolean; }' is not assignable to type 'ProjectCardProps'.
  Types of property 'project' are incompatible.
    Type '{ id: string; name: string; description: string; creatorId: string; creator: { id: string; email: string; name: string; isAdmin: boolean; createdAt: string; updatedAt: string; }; status: string; createdAt: string; updatedAt: string; }' is missing the following properties from type 'ProjectWithCreator': creator_email, creator_name, member_count, official_documents_count, and 3 more.
src/components/ai-pm/__tests__/ProjectCard.test.tsx(164,13): error TS2322: Type '{ project: { id: string; name: string; description: string; creatorId: string; creator: { id: string; email: string; name: string; isAdmin: boolean; createdAt: string; updatedAt: string; }; status: string; createdAt: string; updatedAt: string; }; isAdmin: boolean; }' is not assignable to type 'ProjectCardProps'.
  Types of property 'project' are incompatible.
    Type '{ id: string; name: string; description: string; creatorId: string; creator: { id: string; email: string; name: string; isAdmin: boolean; createdAt: string; updatedAt: string; }; status: string; createdAt: string; updatedAt: string; }' is missing the following properties from type 'ProjectWithCreator': creator_email, creator_name, member_count, official_documents_count, and 3 more.
src/components/ai-pm/__tests__/ProjectCard.test.tsx(175,13): error TS2322: Type '{ project: { id: string; name: string; description: string; creatorId: string; creator: { id: string; email: string; name: string; isAdmin: boolean; createdAt: string; updatedAt: string; }; status: string; createdAt: string; updatedAt: string; }; isAdmin: boolean; }' is not assignable to type 'ProjectCardProps'.
  Types of property 'project' are incompatible.
    Type '{ id: string; name: string; description: string; creatorId: string; creator: { id: string; email: string; name: string; isAdmin: boolean; createdAt: string; updatedAt: string; }; status: string; createdAt: string; updatedAt: string; }' is missing the following properties from type 'ProjectWithCreator': creator_email, creator_name, member_count, official_documents_count, and 3 more.
src/components/ai-pm/__tests__/WorkflowSidebar.test.tsx(37,13): error TS2739: Type '{ projectId: string; currentStep: 1; progress: ({ workflow_step: number; step_name: string; has_official_document: boolean; document_count: number; last_updated: string; } | { workflow_step: number; step_name: string; has_official_document: boolean; document_count: number; last_updated: null; })[]; }' is missing the following properties from type 'WorkflowSidebarProps': projectName, memberCount, documentCount
src/components/ai-pm/__tests__/WorkflowSidebar.test.tsx(45,13): error TS2739: Type '{ projectId: string; currentStep: 1; progress: ({ workflow_step: number; step_name: string; has_official_document: boolean; document_count: number; last_updated: string; } | { workflow_step: number; step_name: string; has_official_document: boolean; document_count: number; last_updated: null; })[]; }' is missing the following properties from type 'WorkflowSidebarProps': projectName, memberCount, documentCount
src/components/ai-pm/__tests__/WorkflowSidebar.test.tsx(52,13): error TS2739: Type '{ projectId: string; currentStep: 1; progress: ({ workflow_step: number; step_name: string; has_official_document: boolean; document_count: number; last_updated: string; } | { workflow_step: number; step_name: string; has_official_document: boolean; document_count: number; last_updated: null; })[]; }' is missing the following properties from type 'WorkflowSidebarProps': projectName, memberCount, documentCount
src/components/ai-pm/__tests__/WorkflowSidebar.test.tsx(65,13): error TS2739: Type '{ projectId: string; currentStep: 1; progress: ({ workflow_step: number; step_name: string; has_official_document: boolean; document_count: number; last_updated: string; } | { workflow_step: number; step_name: string; has_official_document: boolean; document_count: number; last_updated: null; })[]; }' is missing the following properties from type 'WorkflowSidebarProps': projectName, memberCount, documentCount
src/components/ai-pm/__tests__/WorkflowSidebar.test.tsx(74,13): error TS2739: Type '{ projectId: string; currentStep: 1; progress: ({ workflow_step: number; step_name: string; has_official_document: boolean; document_count: number; last_updated: string; } | { workflow_step: number; step_name: string; has_official_document: boolean; document_count: number; last_updated: null; })[]; }' is missing the following properties from type 'WorkflowSidebarProps': projectName, memberCount, documentCount
src/components/ai-pm/__tests__/WorkflowSidebar.test.tsx(82,13): error TS2739: Type '{ projectId: string; currentStep: 1; progress: ({ workflow_step: number; step_name: string; has_official_document: boolean; document_count: number; last_updated: string; } | { workflow_step: number; step_name: string; has_official_document: boolean; document_count: number; last_updated: null; })[]; }' is missing the following properties from type 'WorkflowSidebarProps': projectName, memberCount, documentCount
src/components/ai-pm/__tests__/WorkflowSidebar.test.tsx(94,13): error TS2739: Type '{ projectId: string; currentStep: 1; progress: ({ workflow_step: number; step_name: string; has_official_document: boolean; document_count: number; last_updated: string; } | { workflow_step: number; step_name: string; has_official_document: boolean; document_count: number; last_updated: null; })[]; }' is missing the following properties from type 'WorkflowSidebarProps': projectName, memberCount, documentCount
src/components/ai-pm/__tests__/WorkflowSidebar.test.tsx(102,13): error TS2739: Type '{ projectId: string; currentStep: 1; progress: ({ workflow_step: number; step_name: string; has_official_document: boolean; document_count: number; last_updated: string; } | { workflow_step: number; step_name: string; has_official_document: boolean; document_count: number; last_updated: null; })[]; }' is missing the following properties from type 'WorkflowSidebarProps': projectName, memberCount, documentCount
src/components/ai-pm/__tests__/WorkflowSidebar.test.tsx(112,13): error TS2739: Type '{ projectId: string; currentStep: 1; progress: ({ workflow_step: number; step_name: string; has_official_document: boolean; document_count: number; last_updated: string; } | { workflow_step: number; step_name: string; has_official_document: boolean; document_count: number; last_updated: null; })[]; }' is missing the following properties from type 'WorkflowSidebarProps': projectName, memberCount, documentCount
src/components/ai-pm/__tests__/WorkflowSidebar.test.tsx(119,13): error TS2739: Type '{ projectId: string; currentStep: 1; progress: ({ workflow_step: number; step_name: string; has_official_document: boolean; document_count: number; last_updated: string; } | { workflow_step: number; step_name: string; has_official_document: boolean; document_count: number; last_updated: null; })[]; }' is missing the following properties from type 'WorkflowSidebarProps': projectName, memberCount, documentCount
src/components/ai-pm/__tests__/WorkflowSidebar.test.tsx(134,13): error TS2739: Type '{ projectId: string; currentStep: 1; progress: ({ workflow_step: number; step_name: string; has_official_document: boolean; document_count: number; last_updated: string; } | { workflow_step: number; step_name: string; has_official_document: boolean; document_count: number; last_updated: null; })[]; }' is missing the following properties from type 'WorkflowSidebarProps': projectName, memberCount, documentCount
src/components/ai-pm/__tests__/WorkflowSidebar.test.tsx(141,47): error TS2322: Type '{ progress: never[]; projectId: string; currentStep: 1; }' is not assignable to type 'IntrinsicAttributes & WorkflowSidebarProps'.
  Property 'progress' does not exist on type 'IntrinsicAttributes & WorkflowSidebarProps'.
src/components/ai-pm/__tests__/WorkflowSidebar.test.tsx(154,13): error TS2739: Type '{ projectId: string; currentStep: 1; progress: ({ workflow_step: number; step_name: string; has_official_document: boolean; document_count: number; last_updated: string; } | { workflow_step: number; step_name: string; has_official_document: boolean; document_count: number; last_updated: null; })[]; }' is missing the following properties from type 'WorkflowSidebarProps': projectName, memberCount, documentCount
src/components/ai-pm/__tests__/WorkflowSidebar.test.tsx(164,47): error TS2322: Type '{ sequentialMode: boolean; projectId: string; currentStep: 1; progress: ({ workflow_step: number; step_name: string; has_official_document: boolean; document_count: number; last_updated: string; } | { ...; })[]; }' is not assignable to type 'IntrinsicAttributes & WorkflowSidebarProps'.
  Property 'sequentialMode' does not exist on type 'IntrinsicAttributes & WorkflowSidebarProps'.
src/components/ai-pm/__tests__/WorkflowSidebar.test.tsx(177,47): error TS2322: Type '{ progress: ({ workflow_step: number; step_name: string; has_official_document: boolean; document_count: number; last_updated: string; } | { workflow_step: number; step_name: string; has_official_document: boolean; document_count: number; last_updated: null; } | { ...; })[]; projectId: string; currentStep: 1; }' is not assignable to type 'IntrinsicAttributes & WorkflowSidebarProps'.
  Property 'progress' does not exist on type 'IntrinsicAttributes & WorkflowSidebarProps'.
src/components/ai-pm/AIPMHeader.tsx(224,50): error TS2339: Property 'name' does not exist on type 'never'.
src/components/ai-pm/CreateProjectModal.tsx(4,31): error TS2307: Cannot find module '@ant-design/icons' or its corresponding type declarations.
src/components/ai-pm/DocumentEditor.tsx(198,53): error TS2339: Property 'fullscreenElement' does not exist on type 'PlanningDocumentWithUsers'.
src/components/ai-pm/DocumentEditor.tsx(199,16): error TS2339: Property 'exitFullscreen' does not exist on type 'PlanningDocumentWithUsers'.
src/components/ai-pm/DocumentEditor.tsx(205,34): error TS2339: Property 'fullscreenElement' does not exist on type 'PlanningDocumentWithUsers'.
src/components/ai-pm/DocumentEditor.tsx(207,14): error TS2339: Property 'addEventListener' does not exist on type 'PlanningDocumentWithUsers'.
src/components/ai-pm/DocumentEditor.tsx(208,27): error TS2339: Property 'removeEventListener' does not exist on type 'PlanningDocumentWithUsers'.
src/components/ai-pm/DocumentWorkspace.tsx(130,10): error TS2741: Property 'onPreviewVersion' is missing in type '{ projectId: string; documentId: string; currentVersion: number; isOpen: true; onClose: () => void; }' but required in type 'DocumentVersionHistoryProps'.
src/components/ai-pm/MemberManagement.tsx(189,47): error TS2339: Property 'profile' does not exist on type 'ProjectMemberWithProfile'.
src/components/ai-pm/MemberManagement.tsx(193,29): error TS2339: Property 'profile' does not exist on type 'ProjectMemberWithProfile'.
src/components/ai-pm/MemberManagement.tsx(195,38): error TS2339: Property 'profile' does not exist on type 'ProjectMemberWithProfile'.
src/components/ai-pm/MemberManagement.tsx(197,37): error TS2367: This comparison appears to be unintentional because the types 'ProjectRole' and '"admin"' have no overlap.
src/components/ai-pm/MemberManagement.tsx(197,64): error TS2367: This comparison appears to be unintentional because the types 'ProjectRole' and '"owner"' have no overlap.
src/components/ai-pm/MemberManagement.tsx(198,24): error TS2367: This comparison appears to be unintentional because the types 'ProjectRole' and '"owner"' have no overlap.
src/components/ai-pm/MemberManagement.tsx(198,58): error TS2367: This comparison appears to be unintentional because the types 'ProjectRole' and '"admin"' have no overlap.
src/components/ai-pm/MemberManagement.tsx(198,92): error TS2367: This comparison appears to be unintentional because the types 'ProjectRole' and '"editor"' have no overlap.
src/components/ai-pm/MemberManagement.tsx(202,22): error TS2367: This comparison appears to be unintentional because the types 'ProjectRole' and '"owner"' have no overlap.
src/components/ai-pm/RouteGuard.tsx(33,48): error TS2339: Property 'canAccessProject' does not exist on type 'AuthContextType'.
src/components/ai-pm/RouteGuard.tsx(33,66): error TS2339: Property 'getProjectRole' does not exist on type 'AuthContextType'.
src/components/dev/PerformanceDashboard.tsx(366,25): error TS2322: Type '(force?: boolean) => void' is not assignable to type 'MouseEventHandler<HTMLButtonElement>'.
  Types of parameters 'force' and 'event' are incompatible.
    Type 'MouseEvent<HTMLButtonElement, MouseEvent>' is not assignable to type 'boolean | undefined'.
src/components/dev/PerformanceDashboard.tsx(383,39): error TS18047: 'batteryInfo' is possibly 'null'.
src/components/dev/PerformanceDashboard.tsx(389,28): error TS18047: 'batteryInfo' is possibly 'null'.
src/components/dev/PerformanceOptimizer.tsx(37,29): error TS2554: Expected 1 arguments, but got 0.
src/components/dev/PerformanceOptimizer.tsx(40,23): error TS2554: Expected 1 arguments, but got 0.
src/components/ui/__tests__/MobileActionMenu.test.tsx(52,9): error TS2322: Type '"desktop"' is not assignable to type '"sm" | "md" | "lg" | "xl" | "2xl" | "xs"'.
src/components/ui/__tests__/MobileActionMenu.test.tsx(176,9): error TS2322: Type '"mobile"' is not assignable to type '"sm" | "md" | "lg" | "xl" | "2xl" | "xs"'.
src/components/ui/__tests__/MobileActionMenu.test.tsx(290,9): error TS2322: Type '"desktop"' is not assignable to type '"sm" | "md" | "lg" | "xl" | "2xl" | "xs"'.
src/components/ui/__tests__/MobileActionMenu.test.tsx(325,9): error TS2322: Type '"desktop"' is not assignable to type '"sm" | "md" | "lg" | "xl" | "2xl" | "xs"'.
src/components/ui/__tests__/ResponsiveTable.test.tsx(77,7): error TS2322: Type '"desktop"' is not assignable to type '"sm" | "md" | "lg" | "xl" | "2xl" | "xs"'.
src/components/ui/__tests__/ResponsiveTable.test.tsx(148,9): error TS2322: Type '"mobile"' is not assignable to type '"sm" | "md" | "lg" | "xl" | "2xl" | "xs"'.
src/components/ui/__tests__/SmartImage.test.tsx(55,23): error TS2322: Type '{ children: any; value: { isMobile: any; isTablet: boolean; isDesktop: boolean; width: number; height: number; orientation: "portrait"; isTouch: any; hasHover: boolean; }; }' is not assignable to type 'IntrinsicAttributes & ViewportProviderProps'.
  Property 'value' does not exist on type 'IntrinsicAttributes & ViewportProviderProps'.
src/components/ui/ExampleMobileTable.tsx(141,103): error TS7053: Element implicitly has an 'any' type because expression of type 'any' can't be used to index type '{ active: string; inactive: string; pending: string; }'.
src/components/ui/ExampleMobileTable.tsx(142,14): error TS7053: Element implicitly has an 'any' type because expression of type 'any' can't be used to index type '{ active: string; inactive: string; pending: string; }'.
src/components/ui/ExampleMobileTable.tsx(167,54): error TS2345: Argument of type '{ readonly high: readonly ["name", "email", "status"]; readonly medium: readonly ["role", "lastActivity", "joinDate"]; readonly low: readonly ["permissions", "metadata", "id"]; }' is not assignable to parameter of type 'ColumnPriorityConfig'.
  Types of property 'high' are incompatible.
    The type 'readonly ["name", "email", "status"]' is 'readonly' and cannot be assigned to the mutable type 'string[]'.
src/components/ui/ExampleMobileTable.tsx(341,103): error TS7053: Element implicitly has an 'any' type because expression of type 'any' can't be used to index type '{ draft: string; review: string; approved: string; published: string; }'.
src/components/ui/ExampleMobileTable.tsx(342,14): error TS7053: Element implicitly has an 'any' type because expression of type 'any' can't be used to index type '{ draft: string; review: string; approved: string; published: string; }'.
src/components/ui/ExampleMobileTable.tsx(365,22): error TS7006: Parameter 'tag' implicitly has an 'any' type.
src/components/ui/ExampleMobileTable.tsx(365,27): error TS7006: Parameter 'index' implicitly has an 'any' type.
src/components/ui/ExampleMobileTable.tsx(376,54): error TS2345: Argument of type '{ readonly high: readonly ["title", "status", "updatedAt"]; readonly medium: readonly ["author", "createdAt", "type"]; readonly low: readonly ["version", "size", "tags", "id"]; }' is not assignable to parameter of type 'ColumnPriorityConfig'.
  Types of property 'high' are incompatible.
    The type 'readonly ["title", "status", "updatedAt"]' is 'readonly' and cannot be assigned to the mutable type 'string[]'.
src/components/ui/KeyboardAwareForm.tsx(24,54): error TS2345: Argument of type 'RefObject<HTMLFormElement | null>' is not assignable to parameter of type 'RefObject<HTMLElement>'.
  Type 'HTMLFormElement | null' is not assignable to type 'HTMLElement'.
    Type 'null' is not assignable to type 'HTMLElement'.
src/components/ui/KeyboardAwareForm.tsx(61,54): error TS2345: Argument of type 'RefObject<HTMLDivElement | null>' is not assignable to parameter of type 'RefObject<HTMLElement>'.
  Type 'HTMLDivElement | null' is not assignable to type 'HTMLElement'.
    Type 'null' is not assignable to type 'HTMLElement'.
src/components/ui/RouteLoader.tsx(31,80): error TS2339: Property 'Modal' does not exist on type '{ Skeleton: ({ className, width, height, rounded, animate }: SkeletonProps) => Element; Text: ({ lines, className, animate }: TextSkeletonProps) => Element; Card: ({ className, showAvatar, titleLines, contentLines, animate }: CardSkeletonProps) => Element; ... 14 more ...; MobileOverlay: ({ isVisible, text, variant,...'.
src/components/ui/RouteLoader.tsx(33,82): error TS2339: Property 'Sidebar' does not exist on type '{ Skeleton: ({ className, width, height, rounded, animate }: SkeletonProps) => Element; Text: ({ lines, className, animate }: TextSkeletonProps) => Element; Card: ({ className, showAvatar, titleLines, contentLines, animate }: CardSkeletonProps) => Element; ... 14 more ...; MobileOverlay: ({ isVisible, text, variant,...'.
src/components/ui/SmartImage.tsx(16,11): error TS2430: Interface 'SmartImageProps' incorrectly extends interface 'Omit<ImageProps, "src" | "height" | "width" | "alt">'.
  Types of property 'onError' are incompatible.
    Type '((error: Error) => void) | undefined' is not assignable to type 'ReactEventHandler<HTMLImageElement> | undefined'.
      Type '(error: Error) => void' is not assignable to type 'ReactEventHandler<HTMLImageElement>'.
        Types of parameters 'error' and 'event' are incompatible.
          Type 'SyntheticEvent<HTMLImageElement, Event>' is missing the following properties from type 'Error': name, message
src/hooks/useBatteryOptimization.ts(126,7): error TS2322: Type '(callback: Function, delay: number, ...args: any[]) => Timeout' is not assignable to type '((handler: TimerHandler, timeout?: number | undefined, ...arguments: any[]) => number) & { (handler: TimerHandler, timeout?: number | undefined, ...arguments: any[]): number; <TArgs extends any[]>(callback: (...args: TArgs) => void, delay?: number | undefined, ...args: TArgs): Timeout; (callback: (_: void) => void, ...'.
  Type '(callback: Function, delay: number, ...args: any[]) => Timeout' is not assignable to type '(handler: TimerHandler, timeout?: number | undefined, ...arguments: any[]) => number'.
    Type 'Timeout' is not assignable to type 'number'.
src/hooks/useBatteryOptimization.ts(129,77): error TS2556: A spread argument must either have a tuple type or be passed to a rest parameter.
src/hooks/useBatteryOptimization.ts(130,36): error TS2345: Argument of type 'Timeout' is not assignable to parameter of type 'number'.
src/hooks/useBatteryOptimization.ts(134,7): error TS2322: Type '(callback: Function, delay: number, ...args: any[]) => Timeout' is not assignable to type '((handler: TimerHandler, timeout?: number | undefined, ...arguments: any[]) => number) & typeof setTimeout'.
  Type '(callback: Function, delay: number, ...args: any[]) => Timeout' is not assignable to type '(handler: TimerHandler, timeout?: number | undefined, ...arguments: any[]) => number'.
    Type 'Timeout' is not assignable to type 'number'.
src/hooks/useBatteryOptimization.ts(137,76): error TS2556: A spread argument must either have a tuple type or be passed to a rest parameter.
src/hooks/useBatteryOptimization.ts(138,35): error TS2345: Argument of type 'Timeout' is not assignable to parameter of type 'number'.
src/hooks/useBatteryOptimization.ts(197,17): error TS2339: Property 'dataset' does not exist on type 'Element'.
src/hooks/useBatteryOptimization.ts(198,15): error TS2339: Property 'src' does not exist on type 'Element'.
src/hooks/useBatteryOptimization.ts(198,25): error TS2339: Property 'dataset' does not exist on type 'Element'.
src/hooks/useBatteryOptimization.ts(199,22): error TS2339: Property 'dataset' does not exist on type 'Element'.
src/hooks/useBatteryOptimization.ts(228,7): error TS2322: Type '(scriptURL: string | URL, options?: WorkerOptions | undefined) => never' is not assignable to type '{ new (scriptURL: string | URL, options?: WorkerOptions | undefined): Worker; prototype: Worker; }'.
  Type '(scriptURL: string | URL, options?: WorkerOptions | undefined) => never' provides no match for the signature 'new (scriptURL: string | URL, options?: WorkerOptions | undefined): Worker'.
src/hooks/useComponentPreloader.ts(36,38): error TS2345: Argument of type 'readonly ["Table", "ActionMenu", "FormComponents"]' is not assignable to parameter of type '("WorkflowSidebar" | "DocumentEditor" | "AIChatPanel" | "Table" | "ActionMenu" | "FormComponents")[]'.
  The type 'readonly ["Table", "ActionMenu", "FormComponents"]' is 'readonly' and cannot be assigned to the mutable type '("WorkflowSidebar" | "DocumentEditor" | "AIChatPanel" | "Table" | "ActionMenu" | "FormComponents")[]'.
src/hooks/useNetworkStatus.ts(97,11): error TS2322: Type '{ isOnline: boolean; isSlowConnection: boolean; connectionType?: string | undefined; effectiveType?: string | undefined; downlink?: number | undefined; rtt?: number | undefined; }' is not assignable to type 'NetworkStatus'.
  Types of property 'connectionType' are incompatible.
    Type 'string | undefined' is not assignable to type 'string'.
      Type 'undefined' is not assignable to type 'string'.
src/hooks/useProgressTracking.ts(208,7): error TS2353: Object literal may only specify known properties, and 'startTime' does not exist in type 'Partial<Pick<ProgressStep, "error" | "progress" | "status">>'.
src/lib/ai-pm/__tests__/ai-service.test.ts(67,89): error TS7006: Parameter '_' implicitly has an 'any' type.
src/lib/ai-pm/__tests__/ai-service.test.ts(67,92): error TS7006: Parameter 'key' implicitly has an 'any' type.
src/lib/ai-pm/__tests__/approval-workflow.test.ts(4,1): error TS2322: Type 'Mock<UnknownFunction>' is not assignable to type '{ (input: URL | RequestInfo, init?: RequestInit | undefined): Promise<Response>; (input: string | URL | Request, init?: RequestInit | undefined): Promise<...>; }'.
  Type 'unknown' is not assignable to type 'Promise<Response>'.
src/lib/ai-pm/__tests__/auth-middleware.test.ts(4,3): error TS2305: Module '"../auth-middleware"' has no exported member 'checkProjectAccess'.
src/lib/ai-pm/__tests__/auth-middleware.test.ts(5,3): error TS2305: Module '"../auth-middleware"' has no exported member 'getUserProjectRole'.
src/lib/ai-pm/__tests__/auth-middleware.test.ts(6,3): error TS2305: Module '"../auth-middleware"' has no exported member 'checkProjectManagementAccess'.
src/lib/ai-pm/__tests__/auth-middleware.test.ts(7,3): error TS2305: Module '"../auth-middleware"' has no exported member 'checkDocumentApprovalAccess'.
src/lib/ai-pm/__tests__/auth-middleware.test.ts(8,3): error TS2305: Module '"../auth-middleware"' has no exported member 'checkDocumentAccess'.
src/lib/ai-pm/__tests__/auth-middleware.test.ts(57,38): error TS2554: Expected 0 arguments, but got 1.
src/lib/ai-pm/__tests__/auth-middleware.test.ts(72,9): error TS2322: Type 'Mock<{ eq: Mock<{ single: Mock<{ data: null; error: { message: string; }; }, [], any>; }, [], any>; }, [], any>' is not assignable to type 'Mock<{ eq: Mock<{ single: Mock<{ data: null; error: null; }, [], any>; }, [], any>; }, [], any>'.
  Types of property 'mock' are incompatible.
    Type 'MockContext<{ eq: Mock<{ single: Mock<{ data: null; error: { message: string; }; }, [], any>; }, [], any>; }, [], any>' is not assignable to type 'MockContext<{ eq: Mock<{ single: Mock<{ data: null; error: null; }, [], any>; }, [], any>; }, [], any>'.
      Type '{ eq: jest.Mock<{ single: jest.Mock<{ data: null; error: { message: string; }; }, [], any>; }, [], any>; }' is not assignable to type '{ eq: jest.Mock<{ single: jest.Mock<{ data: null; error: null; }, [], any>; }, [], any>; }'.
        The types of 'eq.mock' are incompatible between these types.
          Type 'MockContext<{ single: Mock<{ data: null; error: { message: string; }; }, [], any>; }, [], any>' is not assignable to type 'MockContext<{ single: Mock<{ data: null; error: null; }, [], any>; }, [], any>'.
            Type '{ single: jest.Mock<{ data: null; error: { message: string; }; }, [], any>; }' is not assignable to type '{ single: jest.Mock<{ data: null; error: null; }, [], any>; }'.
              The types of 'single.mock' are incompatible between these types.
                Type 'MockContext<{ data: null; error: { message: string; }; }, [], any>' is not assignable to type 'MockContext<{ data: null; error: null; }, [], any>'.
                  Type '{ data: null; error: { message: string; }; }' is not assignable to type '{ data: null; error: null; }'.
                    Types of property 'error' are incompatible.
                      Type '{ message: string; }' is not assignable to type 'null'.
src/lib/ai-pm/__tests__/auth-middleware.test.ts(82,38): error TS2554: Expected 0 arguments, but got 1.
src/lib/ai-pm/__tests__/auth-middleware.test.ts(103,9): error TS2322: Type 'Mock<{ eq: Mock<{ single: Mock<{ data: { id: string; email: string; full_name: string; role: string; }; error: null; }, [], any>; }, [], any>; }, [], any>' is not assignable to type 'Mock<{ eq: Mock<{ single: Mock<{ data: null; error: null; }, [], any>; }, [], any>; }, [], any>'.
  Types of property 'mock' are incompatible.
    Type 'MockContext<{ eq: Mock<{ single: Mock<{ data: { id: string; email: string; full_name: string; role: string; }; error: null; }, [], any>; }, [], any>; }, [], any>' is not assignable to type 'MockContext<{ eq: Mock<{ single: Mock<{ data: null; error: null; }, [], any>; }, [], any>; }, [], any>'.
      Type '{ eq: jest.Mock<{ single: jest.Mock<{ data: { id: string; email: string; full_name: string; role: string; }; error: null; }, [], any>; }, [], any>; }' is not assignable to type '{ eq: jest.Mock<{ single: jest.Mock<{ data: null; error: null; }, [], any>; }, [], any>; }'.
        The types of 'eq.mock' are incompatible between these types.
          Type 'MockContext<{ single: Mock<{ data: { id: string; email: string; full_name: string; role: string; }; error: null; }, [], any>; }, [], any>' is not assignable to type 'MockContext<{ single: Mock<{ data: null; error: null; }, [], any>; }, [], any>'.
            Type '{ single: jest.Mock<{ data: { id: string; email: string; full_name: string; role: string; }; error: null; }, [], any>; }' is not assignable to type '{ single: jest.Mock<{ data: null; error: null; }, [], any>; }'.
              The types of 'single.mock' are incompatible between these types.
                Type 'MockContext<{ data: { id: string; email: string; full_name: string; role: string; }; error: null; }, [], any>' is not assignable to type 'MockContext<{ data: null; error: null; }, [], any>'.
                  Type '{ data: { id: string; email: string; full_name: string; role: string; }; error: null; }' is not assignable to type '{ data: null; error: null; }'.
                    Types of property 'data' are incompatible.
                      Type '{ id: string; email: string; full_name: string; role: string; }' is not assignable to type 'null'.
src/lib/ai-pm/__tests__/auth-middleware.test.ts(118,38): error TS2554: Expected 0 arguments, but got 2.
src/lib/ai-pm/__tests__/auth-middleware.test.ts(148,9): error TS2322: Type 'Mock<{ eq: Mock<{ single: Mock<{ data: { id: string; email: string; full_name: string; role: string; created_at: string; updated_at: string; }; error: null; }, [], any>; }, [], any>; }, [], any>' is not assignable to type 'Mock<{ eq: Mock<{ single: Mock<{ data: null; error: null; }, [], any>; }, [], any>; }, [], any>'.
  Types of property 'mock' are incompatible.
    Type 'MockContext<{ eq: Mock<{ single: Mock<{ data: { id: string; email: string; full_name: string; role: string; created_at: string; updated_at: string; }; error: null; }, [], any>; }, [], any>; }, [], any>' is not assignable to type 'MockContext<{ eq: Mock<{ single: Mock<{ data: null; error: null; }, [], any>; }, [], any>; }, [], any>'.
      Type '{ eq: jest.Mock<{ single: jest.Mock<{ data: { id: string; email: string; full_name: string; role: string; created_at: string; updated_at: string; }; error: null; }, [], any>; }, [], any>; }' is not assignable to type '{ eq: jest.Mock<{ single: jest.Mock<{ data: null; error: null; }, [], any>; }, [], any>; }'.
        The types of 'eq.mock' are incompatible between these types.
          Type 'MockContext<{ single: Mock<{ data: { id: string; email: string; full_name: string; role: string; created_at: string; updated_at: string; }; error: null; }, [], any>; }, [], any>' is not assignable to type 'MockContext<{ single: Mock<{ data: null; error: null; }, [], any>; }, [], any>'.
            Type '{ single: jest.Mock<{ data: { id: string; email: string; full_name: string; role: string; created_at: string; updated_at: string; }; error: null; }, [], any>; }' is not assignable to type '{ single: jest.Mock<{ data: null; error: null; }, [], any>; }'.
              The types of 'single.mock' are incompatible between these types.
                Type 'MockContext<{ data: { id: string; email: string; full_name: string; role: string; created_at: string; updated_at: string; }; error: null; }, [], any>' is not assignable to type 'MockContext<{ data: null; error: null; }, [], any>'.
                  Type '{ data: { id: string; email: string; full_name: string; role: string; created_at: string; updated_at: string; }; error: null; }' is not assignable to type '{ data: null; error: null; }'.
                    Types of property 'data' are incompatible.
                      Type '{ id: string; email: string; full_name: string; role: string; created_at: string; updated_at: string; }' is not assignable to type 'null'.
src/lib/ai-pm/__tests__/auth-middleware.test.ts(158,38): error TS2554: Expected 0 arguments, but got 2.
src/lib/ai-pm/__tests__/auth-middleware.test.ts(184,38): error TS2554: Expected 0 arguments, but got 1.
src/lib/ai-pm/__tests__/auth-middleware.test.ts(226,50): error TS2345: Argument of type '(table: string) => { select: jest.Mock<{ eq: jest.Mock<{ single: jest.Mock<{ data: null; error: null; }, [], any>; }, [], any>; }, [], any>; } | { select: jest.Mock<{ eq: jest.Mock<{ single: jest.Mock<{ ...; }, [], any>; }, [], any>; }, [], any>; } | { ...; }' is not assignable to parameter of type '() => { select: Mock<{ eq: Mock<{ single: Mock<{ data: null; error: null; }, [], any>; }, [], any>; }, [], any>; }'.
  Target signature provides too few arguments. Expected 1 or more, but got 0.
src/lib/ai-pm/__tests__/auth-middleware.test.ts(267,9): error TS2322: Type 'Mock<{ eq: Mock<{ single: Mock<{ data: { role: string; }; error: null; }, [], any>; }, [], any>; }, [], any>' is not assignable to type 'Mock<{ eq: Mock<{ single: Mock<{ data: null; error: null; }, [], any>; }, [], any>; }, [], any>'.
  Types of property 'mock' are incompatible.
    Type 'MockContext<{ eq: Mock<{ single: Mock<{ data: { role: string; }; error: null; }, [], any>; }, [], any>; }, [], any>' is not assignable to type 'MockContext<{ eq: Mock<{ single: Mock<{ data: null; error: null; }, [], any>; }, [], any>; }, [], any>'.
      Type '{ eq: jest.Mock<{ single: jest.Mock<{ data: { role: string; }; error: null; }, [], any>; }, [], any>; }' is not assignable to type '{ eq: jest.Mock<{ single: jest.Mock<{ data: null; error: null; }, [], any>; }, [], any>; }'.
        The types of 'eq.mock' are incompatible between these types.
          Type 'MockContext<{ single: Mock<{ data: { role: string; }; error: null; }, [], any>; }, [], any>' is not assignable to type 'MockContext<{ single: Mock<{ data: null; error: null; }, [], any>; }, [], any>'.
            Type '{ single: jest.Mock<{ data: { role: string; }; error: null; }, [], any>; }' is not assignable to type '{ single: jest.Mock<{ data: null; error: null; }, [], any>; }'.
              The types of 'single.mock' are incompatible between these types.
                Type 'MockContext<{ data: { role: string; }; error: null; }, [], any>' is not assignable to type 'MockContext<{ data: null; error: null; }, [], any>'.
                  Type '{ data: { role: string; }; error: null; }' is not assignable to type '{ data: null; error: null; }'.
                    Types of property 'data' are incompatible.
                      Type '{ role: string; }' is not assignable to type 'null'.
src/lib/ai-pm/__tests__/auth-middleware.test.ts(283,50): error TS2345: Argument of type '(table: string) => { select: jest.Mock<{ eq: jest.Mock<{ single: jest.Mock<{ data: null; error: null; }, [], any>; }, [], any>; }, [], any>; } | { select: jest.Mock<{ eq: jest.Mock<{ single: jest.Mock<{ ...; }, [], any>; }, [], any>; }, [], any>; } | { ...; }' is not assignable to parameter of type '() => { select: Mock<{ eq: Mock<{ single: Mock<{ data: null; error: null; }, [], any>; }, [], any>; }, [], any>; }'.
  Target signature provides too few arguments. Expected 1 or more, but got 0.
src/lib/ai-pm/__tests__/auth-middleware.test.ts(316,50): error TS2345: Argument of type '(table: string) => { select: jest.Mock<{ eq: jest.Mock<{ single: jest.Mock<{ data: null; error: null; }, [], any>; }, [], any>; }, [], any>; } | { select: jest.Mock<{ eq: jest.Mock<{ single: jest.Mock<{ ...; }, [], any>; }, [], any>; }, [], any>; }' is not assignable to parameter of type '() => { select: Mock<{ eq: Mock<{ single: Mock<{ data: null; error: null; }, [], any>; }, [], any>; }, [], any>; }'.
  Target signature provides too few arguments. Expected 1 or more, but got 0.
src/lib/ai-pm/__tests__/auth-middleware.test.ts(352,9): error TS2322: Type 'Mock<{ eq: Mock<{ single: Mock<{ data: { role: string; }; error: null; }, [], any>; }, [], any>; }, [], any>' is not assignable to type 'Mock<{ eq: Mock<{ single: Mock<{ data: null; error: null; }, [], any>; }, [], any>; }, [], any>'.
  Types of property 'mock' are incompatible.
    Type 'MockContext<{ eq: Mock<{ single: Mock<{ data: { role: string; }; error: null; }, [], any>; }, [], any>; }, [], any>' is not assignable to type 'MockContext<{ eq: Mock<{ single: Mock<{ data: null; error: null; }, [], any>; }, [], any>; }, [], any>'.
      Type '{ eq: jest.Mock<{ single: jest.Mock<{ data: { role: string; }; error: null; }, [], any>; }, [], any>; }' is not assignable to type '{ eq: jest.Mock<{ single: jest.Mock<{ data: null; error: null; }, [], any>; }, [], any>; }'.
        The types of 'eq.mock' are incompatible between these types.
          Type 'MockContext<{ single: Mock<{ data: { role: string; }; error: null; }, [], any>; }, [], any>' is not assignable to type 'MockContext<{ single: Mock<{ data: null; error: null; }, [], any>; }, [], any>'.
            Type '{ single: jest.Mock<{ data: { role: string; }; error: null; }, [], any>; }' is not assignable to type '{ single: jest.Mock<{ data: null; error: null; }, [], any>; }'.
              The types of 'single.mock' are incompatible between these types.
                Type 'MockContext<{ data: { role: string; }; error: null; }, [], any>' is not assignable to type 'MockContext<{ data: null; error: null; }, [], any>'.
                  Type '{ data: { role: string; }; error: null; }' is not assignable to type '{ data: null; error: null; }'.
                    Types of property 'data' are incompatible.
                      Type '{ role: string; }' is not assignable to type 'null'.
src/lib/ai-pm/__tests__/auth-middleware.test.ts(397,50): error TS2345: Argument of type '(table: string) => { select: jest.Mock<{ eq: jest.Mock<{ single: jest.Mock<{ data: null; error: null; }, [], any>; }, [], any>; }, [], any>; } | { select: jest.Mock<{ eq: jest.Mock<{ single: jest.Mock<{ ...; }, [], any>; }, [], any>; }, [], any>; } | { ...; }' is not assignable to parameter of type '() => { select: Mock<{ eq: Mock<{ single: Mock<{ data: null; error: null; }, [], any>; }, [], any>; }, [], any>; }'.
  Target signature provides too few arguments. Expected 1 or more, but got 0.
src/lib/ai-pm/__tests__/auth-middleware.test.ts(452,50): error TS2345: Argument of type '(table: string) => { select: jest.Mock<{ eq: jest.Mock<{ single: jest.Mock<{ data: null; error: null; }, [], any>; }, [], any>; }, [], any>; } | { select: jest.Mock<{ eq: jest.Mock<{ single: jest.Mock<{ ...; }, [], any>; }, [], any>; }, [], any>; } | { ...; }' is not assignable to parameter of type '() => { select: Mock<{ eq: Mock<{ single: Mock<{ data: null; error: null; }, [], any>; }, [], any>; }, [], any>; }'.
  Target signature provides too few arguments. Expected 1 or more, but got 0.
src/lib/ai-pm/api-middleware.ts(104,32): error TS2554: Expected 0 arguments, but got 2.
src/lib/ai-pm/conversation-manager.ts(28,8): error TS7053: Element implicitly has an 'any' type because expression of type 'unique symbol' can't be used to index type 'typeof globalThis'.
  Property '[CONVERSATION_MANAGER_SYMBOL]' does not exist on type 'typeof globalThis'.
src/lib/ai-pm/conversation-manager.ts(29,5): error TS7053: Element implicitly has an 'any' type because expression of type 'unique symbol' can't be used to index type 'typeof globalThis'.
  Property '[CONVERSATION_MANAGER_SYMBOL]' does not exist on type 'typeof globalThis'.
src/lib/ai-pm/conversation-manager.ts(31,10): error TS7053: Element implicitly has an 'any' type because expression of type 'unique symbol' can't be used to index type 'typeof globalThis'.
  Property '[CONVERSATION_MANAGER_SYMBOL]' does not exist on type 'typeof globalThis'.
src/lib/ai-pm/conversation-manager.ts(76,29): error TS7006: Parameter 'msg' implicitly has an 'any' type.
src/lib/ai-pm/conversation-manager.ts(198,38): error TS2445: Property 'supabaseUrl' is protected and only accessible within class 'SupabaseClient<Database, SchemaName, Schema>' and its subclasses.
src/lib/mobile-performance-optimizer.ts(341,20): error TS2345: Argument of type '(img: HTMLImageElement) => void' is not assignable to parameter of type '(value: Element, key: number, parent: NodeListOf<Element>) => void'.
  Types of parameters 'img' and 'value' are incompatible.
    Type 'Element' is missing the following properties from type 'HTMLImageElement': align, alt, border, complete, and 153 more.
src/lib/mobile-performance-optimizer.ts(368,20): error TS2345: Argument of type '(img: HTMLImageElement) => void' is not assignable to parameter of type '(value: Element, key: number, parent: NodeListOf<Element>) => void'.
  Types of parameters 'img' and 'value' are incompatible.
    Type 'Element' is missing the following properties from type 'HTMLImageElement': align, alt, border, complete, and 153 more.
src/lib/mobile-performance-optimizer.ts(444,23): error TS2339: Property 'originalFunctions' does not exist on type 'Element'.
src/lib/mobile-performance-optimizer.ts(447,21): error TS2339: Property 'originalFunctions' does not exist on type 'Element'.
src/lib/mobile-performance-optimizer.ts(454,7): error TS2322: Type 'Function' is not assignable to type '{ <K extends keyof ElementEventMap>(type: K, listener: (this: Element, ev: ElementEventMap[K]) => any, options?: boolean | AddEventListenerOptions | undefined): void; (type: string, listener: EventListenerOrEventListenerObject, options?: boolean | ... 1 more ... | undefined): void; }'.
  Type 'Function' provides no match for the signature '<K extends keyof ElementEventMap>(type: K, listener: (this: Element, ev: ElementEventMap[K]) => any, options?: boolean | AddEventListenerOptions | undefined): void'.
src/lib/mobile-performance-optimizer.ts(490,7): error TS2322: Type 'Function' is not assignable to type '((input: URL | RequestInfo, init?: RequestInit | undefined) => Promise<Response>) & { (input: URL | RequestInfo, init?: RequestInit | undefined): Promise<...>; (input: string | ... 1 more ... | Request, init?: RequestInit | undefined): Promise<...>; }'.
  Type 'Function' is not assignable to type '(input: URL | RequestInfo, init?: RequestInit | undefined) => Promise<Response>'.
    Type 'Function' provides no match for the signature '(input: URL | RequestInfo, init?: RequestInit | undefined): Promise<Response>'.
src/lib/mobile-performance-optimizer.ts(531,7): error TS2322: Type 'Function' is not assignable to type '((callback: FrameRequestCallback) => number) & ((callback: FrameRequestCallback) => number)'.
  Type 'Function' is not assignable to type '(callback: FrameRequestCallback) => number'.
    Type 'Function' provides no match for the signature '(callback: FrameRequestCallback): number'.
src/lib/mobile-performance-optimizer.ts(542,7): error TS2322: Type '(callback: Function, delay: number, ...args: any[]) => any' is not assignable to type '((handler: TimerHandler, timeout?: number | undefined, ...arguments: any[]) => number) & typeof setTimeout'.
  Property '__promisify__' is missing in type '(callback: Function, delay: number, ...args: any[]) => any' but required in type 'typeof setTimeout'.
src/lib/mobile-performance-optimizer.ts(547,7): error TS2322: Type '(callback: Function, delay: number, ...args: any[]) => any' is not assignable to type '((handler: TimerHandler, timeout?: number | undefined, ...arguments: any[]) => number) & { (handler: TimerHandler, timeout?: number | undefined, ...arguments: any[]): number; <TArgs extends any[]>(callback: (...args: TArgs) => void, delay?: number | undefined, ...args: TArgs): Timeout; (callback: (_: void) => void, ...'.
  Type '(callback: Function, delay: number, ...args: any[]) => any' is not assignable to type '{ (handler: TimerHandler, timeout?: number | undefined, ...arguments: any[]): number; <TArgs extends any[]>(callback: (...args: TArgs) => void, delay?: number | undefined, ...args: TArgs): Timeout; (callback: (_: void) => void, delay?: number | undefined): Timeout; }'.
    Types of parameters 'callback' and 'handler' are incompatible.
      Type 'TimerHandler' is not assignable to type 'Function'.
        Type 'string' is not assignable to type 'Function'.
src/lib/mobile-performance-optimizer.ts(556,7): error TS2322: Type 'Function' is not assignable to type '((handler: TimerHandler, timeout?: number | undefined, ...arguments: any[]) => number) & typeof setTimeout'.
  Type 'Function' is not assignable to type '(handler: TimerHandler, timeout?: number | undefined, ...arguments: any[]) => number'.
    Type 'Function' provides no match for the signature '(handler: TimerHandler, timeout?: number | undefined, ...arguments: any[]): number'.
src/lib/mobile-performance-optimizer.ts(557,7): error TS2322: Type 'Function' is not assignable to type '((handler: TimerHandler, timeout?: number | undefined, ...arguments: any[]) => number) & { (handler: TimerHandler, timeout?: number | undefined, ...arguments: any[]): number; <TArgs extends any[]>(callback: (...args: TArgs) => void, delay?: number | undefined, ...args: TArgs): Timeout; (callback: (_: void) => void, ...'.
  Type 'Function' is not assignable to type '(handler: TimerHandler, timeout?: number | undefined, ...arguments: any[]) => number'.
    Type 'Function' provides no match for the signature '(handler: TimerHandler, timeout?: number | undefined, ...arguments: any[]): number'.
src/lib/security/validation.ts(60,3): error TS2322: Type 'TrustedHTML' is not assignable to type 'string'.
src/lib/table-utils.ts(204,5): error TS2322: Type '(_: any, record: T) => { type: string; actions: { onClick: () => void; key: string; label: string; icon?: ComponentType<{ className?: string | undefined; }> | undefined; danger?: boolean | undefined; disabled?: ((record: T) => boolean) | undefined; }[]; }' is not assignable to type '(value: any, record: T, index: number) => ReactNode'.
  Type '{ type: string; actions: { onClick: () => void; key: string; label: string; icon?: React.ComponentType<{ className?: string; }>; danger?: boolean; disabled?: (record: T) => boolean; }[]; }' is not assignable to type 'ReactNode'.
    Type '{ type: string; actions: { onClick: () => void; key: string; label: string; icon?: ComponentType<{ className?: string | undefined; }> | undefined; danger?: boolean | undefined; disabled?: ((record: T) => boolean) | undefined; }[]; }' is missing the following properties from type 'ReactPortal': children, props, key
src/middleware.ts(18,82): error TS2345: Argument of type '[string, string, Partial<SerializeOptions>]' is not assignable to parameter of type '[key: string, value: string] | [options: RequestCookie]'.
  Type '[string, string, Partial<SerializeOptions>]' is not assignable to type '[key: string, value: string]'.
    Source has 3 element(s) but target allows only 2.
